Archive member included to satisfy reference by file (symbol)

/usr/lib/gcc/arm-none-eabi/6.3.1/thumb/v6-m/libgcc.a(_dvmd_tls.o)
                              CMakeFiles/pico_drivers.dir/home/matthew/Dev/PICO/pico-sdk/src/rp2_common/pico_divider/divider.S.obj (__aeabi_idiv0)
/usr/lib/gcc/arm-none-eabi/6.3.1/../../../arm-none-eabi/lib/thumb/v6-m/libg.a(lib_a-atexit.o)
                              /usr/lib/gcc/arm-none-eabi/6.3.1/../../../arm-none-eabi/lib/thumb/v6-m/crt0.o (atexit)
/usr/lib/gcc/arm-none-eabi/6.3.1/../../../arm-none-eabi/lib/thumb/v6-m/libg.a(lib_a-calloc.o)
                              CMakeFiles/pico_drivers.dir/home/matthew/Dev/PICO/pico-sdk/src/rp2_common/pico_malloc/pico_malloc.c.obj (calloc)
/usr/lib/gcc/arm-none-eabi/6.3.1/../../../arm-none-eabi/lib/thumb/v6-m/libg.a(lib_a-callocr.o)
                              /usr/lib/gcc/arm-none-eabi/6.3.1/../../../arm-none-eabi/lib/thumb/v6-m/libg.a(lib_a-calloc.o) (_calloc_r)
/usr/lib/gcc/arm-none-eabi/6.3.1/../../../arm-none-eabi/lib/thumb/v6-m/libg.a(lib_a-ctype_.o)
                              CMakeFiles/pico_drivers.dir/home/matthew/Dev/PICO/pico-sdk/lib/tinyusb/src/tusb.c.obj (__ctype_ptr__)
/usr/lib/gcc/arm-none-eabi/6.3.1/../../../arm-none-eabi/lib/thumb/v6-m/libg.a(lib_a-fini.o)
                              /usr/lib/gcc/arm-none-eabi/6.3.1/../../../arm-none-eabi/lib/thumb/v6-m/crt0.o (__libc_fini_array)
/usr/lib/gcc/arm-none-eabi/6.3.1/../../../arm-none-eabi/lib/thumb/v6-m/libg.a(lib_a-impure.o)
                              CMakeFiles/pico_drivers.dir/home/matthew/Dev/PICO/pico-sdk/src/common/pico_util/pheap.c.obj (_impure_ptr)
/usr/lib/gcc/arm-none-eabi/6.3.1/../../../arm-none-eabi/lib/thumb/v6-m/libg.a(lib_a-init.o)
                              /usr/lib/gcc/arm-none-eabi/6.3.1/../../../arm-none-eabi/lib/thumb/v6-m/crt0.o (__libc_init_array)
/usr/lib/gcc/arm-none-eabi/6.3.1/../../../arm-none-eabi/lib/thumb/v6-m/libg.a(lib_a-malloc.o)
                              CMakeFiles/pico_drivers.dir/home/matthew/Dev/PICO/pico-sdk/src/rp2_common/pico_malloc/pico_malloc.c.obj (malloc)
/usr/lib/gcc/arm-none-eabi/6.3.1/../../../arm-none-eabi/lib/thumb/v6-m/libg.a(lib_a-mallocr.o)
                              /usr/lib/gcc/arm-none-eabi/6.3.1/../../../arm-none-eabi/lib/thumb/v6-m/libg.a(lib_a-callocr.o) (_malloc_r)
/usr/lib/gcc/arm-none-eabi/6.3.1/../../../arm-none-eabi/lib/thumb/v6-m/libg.a(lib_a-memcmp.o)
                              CMakeFiles/pico_drivers.dir/home/matthew/Dev/PICO/pico-sdk/lib/cyw43-driver/src/cyw43_ll.c.obj (memcmp)
/usr/lib/gcc/arm-none-eabi/6.3.1/../../../arm-none-eabi/lib/thumb/v6-m/libg.a(lib_a-memmove.o)
                              CMakeFiles/pico_drivers.dir/home/matthew/Dev/PICO/pico-sdk/lib/cyw43-driver/src/cyw43_ll.c.obj (memmove)
/usr/lib/gcc/arm-none-eabi/6.3.1/../../../arm-none-eabi/lib/thumb/v6-m/libg.a(lib_a-mlock.o)
                              /usr/lib/gcc/arm-none-eabi/6.3.1/../../../arm-none-eabi/lib/thumb/v6-m/libg.a(lib_a-mallocr.o) (__malloc_lock)
/usr/lib/gcc/arm-none-eabi/6.3.1/../../../arm-none-eabi/lib/thumb/v6-m/libg.a(lib_a-realloc.o)
                              CMakeFiles/pico_drivers.dir/home/matthew/Dev/PICO/pico-sdk/src/rp2_common/pico_malloc/pico_malloc.c.obj (realloc)
/usr/lib/gcc/arm-none-eabi/6.3.1/../../../arm-none-eabi/lib/thumb/v6-m/libg.a(lib_a-reallocr.o)
                              /usr/lib/gcc/arm-none-eabi/6.3.1/../../../arm-none-eabi/lib/thumb/v6-m/libg.a(lib_a-realloc.o) (_realloc_r)
/usr/lib/gcc/arm-none-eabi/6.3.1/../../../arm-none-eabi/lib/thumb/v6-m/libg.a(lib_a-sbrkr.o)
                              /usr/lib/gcc/arm-none-eabi/6.3.1/../../../arm-none-eabi/lib/thumb/v6-m/libg.a(lib_a-mallocr.o) (_sbrk_r)
/usr/lib/gcc/arm-none-eabi/6.3.1/../../../arm-none-eabi/lib/thumb/v6-m/libg.a(lib_a-strlen-stub.o)
                              CMakeFiles/pico_drivers.dir/home/matthew/Dev/PICO/pico-sdk/src/rp2_common/pico_stdio/stdio.c.obj (strlen)
/usr/lib/gcc/arm-none-eabi/6.3.1/../../../arm-none-eabi/lib/thumb/v6-m/libg.a(lib_a-strncmp.o)
                              CMakeFiles/pico_drivers.dir/home/matthew/Dev/PICO/pico-sdk/lib/cyw43-driver/src/cyw43_ll.c.obj (strncmp)
/usr/lib/gcc/arm-none-eabi/6.3.1/../../../arm-none-eabi/lib/thumb/v6-m/libg.a(lib_a-wbuf.o)
                              CMakeFiles/pico_drivers.dir/home/matthew/Dev/PICO/pico-sdk/src/common/pico_util/pheap.c.obj (__swbuf_r)
/usr/lib/gcc/arm-none-eabi/6.3.1/../../../arm-none-eabi/lib/thumb/v6-m/libg.a(lib_a-wsetup.o)
                              /usr/lib/gcc/arm-none-eabi/6.3.1/../../../arm-none-eabi/lib/thumb/v6-m/libg.a(lib_a-wbuf.o) (__swsetup_r)
/usr/lib/gcc/arm-none-eabi/6.3.1/../../../arm-none-eabi/lib/thumb/v6-m/libg.a(lib_a-__atexit.o)
                              /usr/lib/gcc/arm-none-eabi/6.3.1/../../../arm-none-eabi/lib/thumb/v6-m/libg.a(lib_a-atexit.o) (__register_exitproc)
/usr/lib/gcc/arm-none-eabi/6.3.1/../../../arm-none-eabi/lib/thumb/v6-m/libg.a(lib_a-fflush.o)
[...]
Memory Configuration

Name             Origin             Length             Attributes
FLASH            0x0000000010000000 0x0000000000200000 xr
RAM              0x0000000020000000 0x0000000000040000 xrw
SCRATCH_X        0x0000000020040000 0x0000000000001000 xrw
SCRATCH_Y        0x0000000020041000 0x0000000000001000 xrw
*default*        0x0000000000000000 0xffffffffffffffff

Linker script and memory map

LOAD /usr/lib/gcc/arm-none-eabi/6.3.1/thumb/v6-m/crti.o
LOAD /usr/lib/gcc/arm-none-eabi/6.3.1/thumb/v6-m/crtbegin.o
LOAD /usr/lib/gcc/arm-none-eabi/6.3.1/../../../arm-none-eabi/lib/thumb/v6-m/crt0.o

.flash_begin    0x0000000010000000        0x0
                0x0000000010000000                __flash_binary_start = .

.boot2          0x0000000010000000      0x100
                0x0000000010000000                __boot2_start__ = .
 *(.boot2)
 .boot2         0x0000000010000000      0x100 /tmp/ccZrpWtj.o
                0x0000000010000100                __boot2_end__ = .
                0x0000000000000001                ASSERT (((__boot2_end__ - __boot2_start__) == 0x100), ERROR: Pico second stage bootloader must be 256 bytes in size)

.text           0x0000000010000100     0xaea0
                0x0000000010000100                __logical_binary_start = .
 *(.vectors)
 .vectors       0x0000000010000100       0xd4 CMakeFiles/pico_drivers.dir/home/matthew/Dev/PICO/pico-sdk/src/rp2_common/pico_standard_link/crt0.S.obj
                0x0000000010000100                __vectors
                0x0000000010000100                __VECTOR_TABLE
                0x00000000100001c0                isr_invalid
                0x00000000100001c0                __default_isrs_start
                0x00000000100001c2                isr_nmi
                0x00000000100001c4                isr_hardfault
                0x00000000100001c6                isr_svcall
                0x00000000100001c8                isr_pendsv
                0x00000000100001ca                isr_systick
                0x00000000100001cc                isr_irq30
                0x00000000100001cc                __unhandled_user_irq
                0x00000000100001cc                isr_irq13
                0x00000000100001cc                isr_irq27
                0x00000000100001cc                isr_irq31
                0x00000000100001cc                isr_irq5
                0x00000000100001cc                isr_irq11
                0x00000000100001cc                isr_irq23
                0x00000000100001cc                isr_irq18
                0x00000000100001cc                isr_irq28
                0x00000000100001cc                isr_irq19
                0x00000000100001cc                isr_irq0
                0x00000000100001cc                isr_irq6
                0x00000000100001cc                isr_irq22
                0x00000000100001cc                isr_irq17
                0x00000000100001cc                isr_irq14
                0x00000000100001cc                isr_irq2
                0x00000000100001cc                isr_irq10
                0x00000000100001cc                isr_irq8
                0x00000000100001cc                isr_irq24
                0x00000000100001cc                isr_irq1
                0x00000000100001cc                isr_irq7
                0x00000000100001cc                isr_irq21
                0x00000000100001cc                isr_irq20
                0x00000000100001cc                isr_irq15
                0x00000000100001cc                isr_irq25
                0x00000000100001cc                isr_irq4
                0x00000000100001cc                isr_irq16
                0x00000000100001cc                isr_irq29
                0x00000000100001cc                isr_irq26
                0x00000000100001cc                __default_isrs_end
                0x00000000100001cc                isr_irq3
                0x00000000100001cc                isr_irq12
                0x00000000100001cc                isr_irq9
                0x00000000100001d2                unhandled_user_irq_num_in_r0
 *(.binary_info_header)
 .binary_info_header
                0x00000000100001d4       0x14 CMakeFiles/pico_drivers.dir/home/matthew/Dev/PICO/pico-sdk/src/rp2_common/pico_standard_link/crt0.S.obj
                0x00000000100001e8                __binary_info_header_end = .
 *(.reset)
 .reset         0x00000000100001e8       0xa8 CMakeFiles/pico_drivers.dir/home/matthew/Dev/PICO/pico-sdk/src/rp2_common/pico_standard_link/crt0.S.obj
                0x00000000100001e8                _entry_point
                0x0000000010000266                __get_current_exception
 .reset         0x0000000010000290       0x30 CMakeFiles/pico_drivers.dir/home/matthew/Dev/PICO/pico-sdk/src/rp2_common/pico_standard_link/binary_info.c.obj
 *(.init)
 .init          0x00000000100002c0        0x4 /usr/lib/gcc/arm-none-eabi/6.3.1/thumb/v6-m/crti.o
                0x00000000100002c0                _init
 *(EXCLUDE_FILE(*libm.a: *libc.a:*lib_a-mem*.o *libgcc.a:) .text*)
 .text          0x00000000100002c4       0xb4 /usr/lib/gcc/arm-none-eabi/6.3.1/thumb/v6-m/crtbegin.o
 .text.global_i2c_init
                0x0000000010000378       0x38 CMakeFiles/pico_drivers.dir/main.c.obj
                0x0000000010000378                global_i2c_init
 .text.bmp180_i2c_write
                0x00000000100003b0       0x34 CMakeFiles/pico_drivers.dir/main.c.obj
                0x00000000100003b0                bmp180_i2c_write
 .text.bmp180_i2c_read
                0x00000000100003e4       0x58 CMakeFiles/pico_drivers.dir/main.c.obj
                0x00000000100003e4                bmp180_i2c_read
 .text.bmp180_get_ut
                0x000000001000043c       0x48 CMakeFiles/pico_drivers.dir/main.c.obj
                0x000000001000043c                bmp180_get_ut
 .text.bmp180_get_up
                0x0000000010000484       0x60 CMakeFiles/pico_drivers.dir/main.c.obj
                0x0000000010000484                bmp180_get_up
 .text.bmp180_get_temp
                0x00000000100004e4       0x58 CMakeFiles/pico_drivers.dir/main.c.obj
                0x00000000100004e4                bmp180_get_temp
 .text.bmp180_get_pressure
                0x000000001000053c      0x200 CMakeFiles/pico_drivers.dir/main.c.obj
                0x000000001000053c                bmp180_get_pressure
 .text.bmp180_get_altitude
                0x000000001000073c       0x3c CMakeFiles/pico_drivers.dir/main.c.obj
                0x000000001000073c                bmp180_get_altitude
 .text.bmp180_get_sea_pressure
                0x0000000010000778       0x18 CMakeFiles/pico_drivers.dir/main.c.obj
                0x0000000010000778                bmp180_get_sea_pressure
 .text.print_temp_results
                0x0000000010000790       0x6c CMakeFiles/pico_drivers.dir/main.c.obj
                0x0000000010000790                print_temp_results
 .text.print_press_results
                0x00000000100007fc      0x104 CMakeFiles/pico_drivers.dir/main.c.obj
                0x00000000100007fc                print_press_results
 .text.print_altitude_results
                0x0000000010000900       0x20 CMakeFiles/pico_drivers.dir/main.c.obj
                0x0000000010000900                print_altitude_results
 .text.print_relative_pressure_results
                0x0000000010000920       0x20 CMakeFiles/pico_drivers.dir/main.c.obj
                0x0000000010000920                print_relative_pressure_results
 .text.bmp180_get_measurement
                0x0000000010000940       0x5c CMakeFiles/pico_drivers.dir/main.c.obj
                0x0000000010000940                bmp180_get_measurement
 .text.print_cal_params
                0x000000001000099c       0xc0 CMakeFiles/pico_drivers.dir/main.c.obj
                0x000000001000099c                print_cal_params
 .text.bmp180_get_cal
                0x0000000010000a5c       0xb2 CMakeFiles/pico_drivers.dir/main.c.obj
                0x0000000010000a5c                bmp180_get_cal
 *fill*         0x0000000010000b0e        0x2 
 .text.bmp180_init
                0x0000000010000b10       0x8c CMakeFiles/pico_drivers.dir/main.c.obj
                0x0000000010000b10                bmp180_init
 .text.toggle_led
                0x0000000010000b9c       0x22 CMakeFiles/pico_drivers.dir/main.c.obj
                0x0000000010000b9c                toggle_led
 *fill*         0x0000000010000bbe        0x2 
 .text.program_init
                0x0000000010000bc0       0x30 CMakeFiles/pico_drivers.dir/main.c.obj
                0x0000000010000bc0                program_init
 .text.main     0x0000000010000bf0       0x2c CMakeFiles/pico_drivers.dir/main.c.obj
                0x0000000010000bf0                main
 .text.gpio_set_function
                0x0000000010000c1c       0x30 CMakeFiles/pico_drivers.dir/home/matthew/Dev/PICO/pico-sdk/src/rp2_common/hardware_gpio/gpio.c.obj
                0x0000000010000c1c                gpio_set_function
 .text.gpio_set_pulls
                0x0000000010000c4c       0x34 CMakeFiles/pico_drivers.dir/home/matthew/Dev/PICO/pico-sdk/src/rp2_common/hardware_gpio/gpio.c.obj
                0x0000000010000c4c                gpio_set_pulls
 .text.gpio_set_input_hysteresis_enabled
                0x0000000010000c80       0x30 CMakeFiles/pico_drivers.dir/home/matthew/Dev/PICO/pico-sdk/src/rp2_common/hardware_gpio/gpio.c.obj
                0x0000000010000c80                gpio_set_input_hysteresis_enabled
 .text.gpio_add_raw_irq_handler_with_order_priority_masked
                0x0000000010000cb0       0x40 CMakeFiles/pico_drivers.dir/home/matthew/Dev/PICO/pico-sdk/src/rp2_common/hardware_gpio/gpio.c.obj
                0x0000000010000cb0                gpio_add_raw_irq_handler_with_order_priority_masked
 .text.gpio_remove_raw_irq_handler_masked
                0x0000000010000cf0       0x48 CMakeFiles/pico_drivers.dir/home/matthew/Dev/PICO/pico-sdk/src/rp2_common/hardware_gpio/gpio.c.obj
                0x0000000010000cf0                gpio_remove_raw_irq_handler_masked
 .text.gpio_acknowledge_irq
                0x0000000010000d38       0x18 CMakeFiles/pico_drivers.dir/home/matthew/Dev/PICO/pico-sdk/src/rp2_common/hardware_gpio/gpio.c.obj
                0x0000000010000d38                gpio_acknowledge_irq
 .text._gpio_set_irq_enabled
                0x0000000010000d50       0x34 CMakeFiles/pico_drivers.dir/home/matthew/Dev/PICO/pico-sdk/src/rp2_common/hardware_gpio/gpio.c.obj
 .text.gpio_set_irq_enabled
                0x0000000010000d84       0x20 CMakeFiles/pico_drivers.dir/home/matthew/Dev/PICO/pico-sdk/src/rp2_common/hardware_gpio/gpio.c.obj
                0x0000000010000d84                gpio_set_irq_enabled
 .text.gpio_init
                0x0000000010000da4       0x16 CMakeFiles/pico_drivers.dir/home/matthew/Dev/PICO/pico-sdk/src/rp2_common/hardware_gpio/gpio.c.obj
                0x0000000010000da4                gpio_init
 *fill*         0x0000000010000dba        0x2 
 .text.hw_claim_lock
                0x0000000010000dbc       0x18 CMakeFiles/pico_drivers.dir/home/matthew/Dev/PICO/pico-sdk/src/rp2_common/hardware_claim/claim.c.obj
                0x0000000010000dbc                hw_claim_lock
 .text.hw_claim_unlock
                0x0000000010000dd4       0x14 CMakeFiles/pico_drivers.dir/home/matthew/Dev/PICO/pico-sdk/src/rp2_common/hardware_claim/claim.c.obj
                0x0000000010000dd4                hw_claim_unlock
 .text.hw_claim_or_assert
                0x0000000010000de8       0x32 CMakeFiles/pico_drivers.dir/home/matthew/Dev/PICO/pico-sdk/src/rp2_common/hardware_claim/claim.c.obj
                0x0000000010000de8                hw_claim_or_assert
 .text.hw_claim_unused_from_range
                0x0000000010000e1a       0x50 CMakeFiles/pico_drivers.dir/home/matthew/Dev/PICO/pico-sdk/src/rp2_common/hardware_claim/claim.c.obj
                0x0000000010000e1a                hw_claim_unused_from_range
 *fill*         0x0000000010000e6a        0x2 
 .text.hw_claim_clear
                0x0000000010000e6c       0x40 CMakeFiles/pico_drivers.dir/home/matthew/Dev/PICO/pico-sdk/src/rp2_common/hardware_claim/claim.c.obj
                0x0000000010000e6c                hw_claim_clear
 .text.running_on_fpga
                0x0000000010000eac       0x14 CMakeFiles/pico_drivers.dir/home/matthew/Dev/PICO/pico-sdk/src/rp2_common/pico_platform/platform.c.obj
                0x0000000010000eac                running_on_fpga
 .text.spin_locks_reset
                0x0000000010000ec0       0x20 CMakeFiles/pico_drivers.dir/home/matthew/Dev/PICO/pico-sdk/src/rp2_common/hardware_sync/sync.c.obj
                0x0000000010000ec0                spin_locks_reset
 .text.next_striped_spin_lock_num
                0x0000000010000ee0       0x1c CMakeFiles/pico_drivers.dir/home/matthew/Dev/PICO/pico-sdk/src/rp2_common/hardware_sync/sync.c.obj
                0x0000000010000ee0                next_striped_spin_lock_num
 .text.spin_lock_claim_unused
                0x0000000010000efc       0x20 CMakeFiles/pico_drivers.dir/home/matthew/Dev/PICO/pico-sdk/src/rp2_common/hardware_sync/sync.c.obj
                0x0000000010000efc                spin_lock_claim_unused
 .text.set_raw_irq_handler_and_unlock
                0x0000000010000f1c       0x28 CMakeFiles/pico_drivers.dir/home/matthew/Dev/PICO/pico-sdk/src/rp2_common/hardware_irq/irq.c.obj
 .text.get_user_irq_claim_index
                0x0000000010000f44        0x6 CMakeFiles/pico_drivers.dir/home/matthew/Dev/PICO/pico-sdk/src/rp2_common/hardware_irq/irq.c.obj
 *fill*         0x0000000010000f4a        0x2 
 .text.make_branch
                0x0000000010000f4c       0x48 CMakeFiles/pico_drivers.dir/home/matthew/Dev/PICO/pico-sdk/src/rp2_common/hardware_irq/irq.c.obj
 .text.insert_branch_and_link
                0x0000000010000f94       0x40 CMakeFiles/pico_drivers.dir/home/matthew/Dev/PICO/pico-sdk/src/rp2_common/hardware_irq/irq.c.obj
 .text.irq_is_enabled
                0x0000000010000fd4       0x18 CMakeFiles/pico_drivers.dir/home/matthew/Dev/PICO/pico-sdk/src/rp2_common/hardware_irq/irq.c.obj
                0x0000000010000fd4                irq_is_enabled
 .text.irq_set_mask_enabled
                0x0000000010000fec       0x20 CMakeFiles/pico_drivers.dir/home/matthew/Dev/PICO/pico-sdk/src/rp2_common/hardware_irq/irq.c.obj
                0x0000000010000fec                irq_set_mask_enabled
 .text.irq_set_enabled
                0x000000001000100c        0xe CMakeFiles/pico_drivers.dir/home/matthew/Dev/PICO/pico-sdk/src/rp2_common/hardware_irq/irq.c.obj
                0x000000001000100c                irq_set_enabled
 *fill*         0x000000001000101a        0x2 
 .text.irq_set_pending
                0x000000001000101c       0x10 CMakeFiles/pico_drivers.dir/home/matthew/Dev/PICO/pico-sdk/src/rp2_common/hardware_irq/irq.c.obj
                0x000000001000101c                irq_set_pending
 .text.irq_get_vtable_handler
                0x000000001000102c       0x10 CMakeFiles/pico_drivers.dir/home/matthew/Dev/PICO/pico-sdk/src/rp2_common/hardware_irq/irq.c.obj
                0x000000001000102c                irq_get_vtable_handler
 .text.irq_has_shared_handler
                0x000000001000103c       0x24 CMakeFiles/pico_drivers.dir/home/matthew/Dev/PICO/pico-sdk/src/rp2_common/hardware_irq/irq.c.obj
                0x000000001000103c                irq_has_shared_handler
 .text.irq_set_exclusive_handler
                0x0000000010001060       0x54 CMakeFiles/pico_drivers.dir/home/matthew/Dev/PICO/pico-sdk/src/rp2_common/hardware_irq/irq.c.obj
                0x0000000010001060                irq_set_exclusive_handler
 .text.irq_add_shared_handler
                0x00000000100010b4      0x22c CMakeFiles/pico_drivers.dir/home/matthew/Dev/PICO/pico-sdk/src/rp2_common/hardware_irq/irq.c.obj
                0x00000000100010b4                irq_add_shared_handler
 .text.irq_remove_handler
                0x00000000100012e0      0x1a4 CMakeFiles/pico_drivers.dir/home/matthew/Dev/PICO/pico-sdk/src/rp2_common/hardware_irq/irq.c.obj
                0x00000000100012e0                irq_remove_handler
 .text.irq_set_priority
                0x0000000010001484       0x28 CMakeFiles/pico_drivers.dir/home/matthew/Dev/PICO/pico-sdk/src/rp2_common/hardware_irq/irq.c.obj
                0x0000000010001484                irq_set_priority
 .text.irq_add_tail_to_free_list
                0x00000000100014ac       0xfc CMakeFiles/pico_drivers.dir/home/matthew/Dev/PICO/pico-sdk/src/rp2_common/hardware_irq/irq.c.obj
                0x00000000100014ac                irq_add_tail_to_free_list
 .text.irq_init_priorities
                0x00000000100015a8       0x1c CMakeFiles/pico_drivers.dir/home/matthew/Dev/PICO/pico-sdk/src/rp2_common/hardware_irq/irq.c.obj
                0x00000000100015a8                irq_init_priorities
 .text.user_irq_unclaim
                0x00000000100015c4       0x1c CMakeFiles/pico_drivers.dir/home/matthew/Dev/PICO/pico-sdk/src/rp2_common/hardware_irq/irq.c.obj
                0x00000000100015c4                user_irq_unclaim
 .text.user_irq_claim_unused
                0x00000000100015e0       0x30 CMakeFiles/pico_drivers.dir/home/matthew/Dev/PICO/pico-sdk/src/rp2_common/hardware_irq/irq.c.obj
                0x00000000100015e0                user_irq_claim_unused
 .text.sem_init
                0x0000000010001610       0x1e CMakeFiles/pico_drivers.dir/home/matthew/Dev/PICO/pico-sdk/src/common/pico_sync/sem.c.obj
                0x0000000010001610                sem_init
 *fill*         0x000000001000162e        0x2 
 .text.lock_init
                0x0000000010001630       0x10 CMakeFiles/pico_drivers.dir/home/matthew/Dev/PICO/pico-sdk/src/common/pico_sync/lock_core.c.obj
                0x0000000010001630                lock_init
 .text.alarm_pool_post_alloc_init
                0x0000000010001640       0x40 CMakeFiles/pico_drivers.dir/home/matthew/Dev/PICO/pico-sdk/src/common/pico_time/time.c.obj
 .text.sleep_until_callback
                0x0000000010001680       0x30 CMakeFiles/pico_drivers.dir/home/matthew/Dev/PICO/pico-sdk/src/common/pico_time/time.c.obj
 .text.timer_pool_entry_comparator
                0x00000000100016b0       0x7c CMakeFiles/pico_drivers.dir/home/matthew/Dev/PICO/pico-sdk/src/common/pico_time/time.c.obj
                0x00000000100016b0                timer_pool_entry_comparator
 .text.ph_add_child_node
                0x000000001000172c       0xa4 CMakeFiles/pico_drivers.dir/home/matthew/Dev/PICO/pico-sdk/src/common/pico_time/time.c.obj
 .text.ph_merge_nodes
                0x00000000100017d0       0x3e CMakeFiles/pico_drivers.dir/home/matthew/Dev/PICO/pico-sdk/src/common/pico_time/time.c.obj
 *fill*         0x000000001000180e        0x2 
 .text.add_alarm_under_lock
                0x0000000010001810      0x17c CMakeFiles/pico_drivers.dir/home/matthew/Dev/PICO/pico-sdk/src/common/pico_time/time.c.obj
 .text.alarm_pool_alarm_callback
                0x000000001000198c      0x330 CMakeFiles/pico_drivers.dir/home/matthew/Dev/PICO/pico-sdk/src/common/pico_time/time.c.obj
 .text.alarm_pool_init_default
                0x0000000010001cbc       0x38 CMakeFiles/pico_drivers.dir/home/matthew/Dev/PICO/pico-sdk/src/common/pico_time/time.c.obj
                0x0000000010001cbc                alarm_pool_init_default
 .text.alarm_pool_get_default
                0x0000000010001cf4       0x2c CMakeFiles/pico_drivers.dir/home/matthew/Dev/PICO/pico-sdk/src/common/pico_time/time.c.obj
                0x0000000010001cf4                alarm_pool_get_default
 .text.alarm_pool_add_alarm_at
                0x0000000010001d20      0x164 CMakeFiles/pico_drivers.dir/home/matthew/Dev/PICO/pico-sdk/src/common/pico_time/time.c.obj
                0x0000000010001d20                alarm_pool_add_alarm_at
 .text.alarm_pool_cancel_alarm
                0x0000000010001e84       0xec CMakeFiles/pico_drivers.dir/home/matthew/Dev/PICO/pico-sdk/src/common/pico_time/time.c.obj
                0x0000000010001e84                alarm_pool_cancel_alarm
 .text.sleep_until
                0x0000000010001f70       0xfc CMakeFiles/pico_drivers.dir/home/matthew/Dev/PICO/pico-sdk/src/common/pico_time/time.c.obj
                0x0000000010001f70                sleep_until
 .text.sleep_us
                0x000000001000206c       0x54 CMakeFiles/pico_drivers.dir/home/matthew/Dev/PICO/pico-sdk/src/common/pico_time/time.c.obj
                0x000000001000206c                sleep_us
 .text.sleep_ms
                0x00000000100020c0       0x14 CMakeFiles/pico_drivers.dir/home/matthew/Dev/PICO/pico-sdk/src/common/pico_time/time.c.obj
                0x00000000100020c0                sleep_ms
 .text.best_effort_wfe_or_timeout
                0x00000000100020d4       0x80 CMakeFiles/pico_drivers.dir/home/matthew/Dev/PICO/pico-sdk/src/common/pico_time/time.c.obj
                0x00000000100020d4                best_effort_wfe_or_timeout
 .text.hardware_alarm_irq_handler
                0x0000000010002154       0x8c CMakeFiles/pico_drivers.dir/home/matthew/Dev/PICO/pico-sdk/src/rp2_common/hardware_timer/timer.c.obj
 .text.hardware_alarm_claim
                0x00000000100021e0       0x18 CMakeFiles/pico_drivers.dir/home/matthew/Dev/PICO/pico-sdk/src/rp2_common/hardware_timer/timer.c.obj
                0x00000000100021e0                hardware_alarm_claim
 .text.time_us_64
                0x00000000100021f8       0x18 CMakeFiles/pico_drivers.dir/home/matthew/Dev/PICO/pico-sdk/src/rp2_common/hardware_timer/timer.c.obj
                0x00000000100021f8                time_us_64
 .text.busy_wait_until
                0x0000000010002210       0x28 CMakeFiles/pico_drivers.dir/home/matthew/Dev/PICO/pico-sdk/src/rp2_common/hardware_timer/timer.c.obj
                0x0000000010002210                busy_wait_until
 .text.hardware_alarm_set_callback
                0x0000000010002238       0x90 CMakeFiles/pico_drivers.dir/home/matthew/Dev/PICO/pico-sdk/src/rp2_common/hardware_timer/timer.c.obj
                0x0000000010002238                hardware_alarm_set_callback
 .text.hardware_alarm_set_target
                0x00000000100022c8       0xe8 CMakeFiles/pico_drivers.dir/home/matthew/Dev/PICO/pico-sdk/src/rp2_common/hardware_timer/timer.c.obj
                0x00000000100022c8                hardware_alarm_set_target
 .text.hardware_alarm_cancel
                0x00000000100023b0       0x40 CMakeFiles/pico_drivers.dir/home/matthew/Dev/PICO/pico-sdk/src/rp2_common/hardware_timer/timer.c.obj
                0x00000000100023b0                hardware_alarm_cancel
 .text.ph_add_child_node
                0x00000000100023f0       0xa4 CMakeFiles/pico_drivers.dir/home/matthew/Dev/PICO/pico-sdk/src/common/pico_util/pheap.c.obj
 .text.ph_merge_nodes
                0x0000000010002494       0x3e CMakeFiles/pico_drivers.dir/home/matthew/Dev/PICO/pico-sdk/src/common/pico_util/pheap.c.obj
 *fill*         0x00000000100024d2        0x2 
 .text.ph_clear
                0x00000000100024d4       0x70 CMakeFiles/pico_drivers.dir/home/matthew/Dev/PICO/pico-sdk/src/common/pico_util/pheap.c.obj
                0x00000000100024d4                ph_clear
 .text.ph_post_alloc_init
                0x0000000010002544        0xe CMakeFiles/pico_drivers.dir/home/matthew/Dev/PICO/pico-sdk/src/common/pico_util/pheap.c.obj
                0x0000000010002544                ph_post_alloc_init
 *fill*         0x0000000010002552        0x2 
 .text.ph_merge_two_pass
                0x0000000010002554       0x88 CMakeFiles/pico_drivers.dir/home/matthew/Dev/PICO/pico-sdk/src/common/pico_util/pheap.c.obj
                0x0000000010002554                ph_merge_two_pass
 .text.ph_remove_any_head
                0x00000000100025dc      0x108 CMakeFiles/pico_drivers.dir/home/matthew/Dev/PICO/pico-sdk/src/common/pico_util/pheap.c.obj
 .text.ph_remove_head
                0x00000000100026e4       0x14 CMakeFiles/pico_drivers.dir/home/matthew/Dev/PICO/pico-sdk/src/common/pico_util/pheap.c.obj
                0x00000000100026e4                ph_remove_head
 .text.ph_remove_and_free_node
                0x00000000100026f8      0x100 CMakeFiles/pico_drivers.dir/home/matthew/Dev/PICO/pico-sdk/src/common/pico_util/pheap.c.obj
                0x00000000100026f8                ph_remove_and_free_node
 .text.mutex_init
                0x00000000100027f8       0x1a CMakeFiles/pico_drivers.dir/home/matthew/Dev/PICO/pico-sdk/src/common/pico_sync/mutex.c.obj
                0x00000000100027f8                mutex_init
 .text.recursive_mutex_init
                0x0000000010002812       0x1e CMakeFiles/pico_drivers.dir/home/matthew/Dev/PICO/pico-sdk/src/common/pico_sync/mutex.c.obj
                0x0000000010002812                recursive_mutex_init
 .text.critical_section_init_with_lock_num
                0x0000000010002830       0x14 CMakeFiles/pico_drivers.dir/home/matthew/Dev/PICO/pico-sdk/src/common/pico_sync/critical_section.c.obj
                0x0000000010002830                critical_section_init_with_lock_num
 .text.critical_section_init
                0x0000000010002844       0x14 CMakeFiles/pico_drivers.dir/home/matthew/Dev/PICO/pico-sdk/src/common/pico_sync/critical_section.c.obj
                0x0000000010002844                critical_section_init
 .text._exit    0x0000000010002858        0x4 CMakeFiles/pico_drivers.dir/home/matthew/Dev/PICO/pico-sdk/src/rp2_common/pico_runtime/runtime.c.obj
                0x0000000010002858                _exit
 .text.exit     0x000000001000285c        0x6 CMakeFiles/pico_drivers.dir/home/matthew/Dev/PICO/pico-sdk/src/rp2_common/pico_runtime/runtime.c.obj
                0x000000001000285c                exit
 *fill*         0x0000000010002862        0x2 
 .text.__assert_func
                0x0000000010002864       0x3c CMakeFiles/pico_drivers.dir/home/matthew/Dev/PICO/pico-sdk/src/rp2_common/pico_runtime/runtime.c.obj
                0x0000000010002864                __assert_func
 .text.runtime_init
                0x00000000100028a0       0xf8 CMakeFiles/pico_drivers.dir/home/matthew/Dev/PICO/pico-sdk/src/rp2_common/pico_runtime/runtime.c.obj
                0x00000000100028a0                runtime_init
 .text.panic    0x0000000010002998       0x30 CMakeFiles/pico_drivers.dir/home/matthew/Dev/PICO/pico-sdk/src/rp2_common/pico_runtime/runtime.c.obj
                0x0000000010002998                panic
 .text.panic_unsupported
                0x00000000100029c8        0xc CMakeFiles/pico_drivers.dir/home/matthew/Dev/PICO/pico-sdk/src/rp2_common/pico_runtime/runtime.c.obj
                0x00000000100029c8                panic_unsupported
 .text.clock_configure
                0x00000000100029d4      0x100 CMakeFiles/pico_drivers.dir/home/matthew/Dev/PICO/pico-sdk/src/rp2_common/hardware_clocks/clocks.c.obj
                0x00000000100029d4                clock_configure
 .text.clocks_init
                0x0000000010002ad4      0x100 CMakeFiles/pico_drivers.dir/home/matthew/Dev/PICO/pico-sdk/src/rp2_common/hardware_clocks/clocks.c.obj
                0x0000000010002ad4                clocks_init
 .text.clock_get_hz
                0x0000000010002bd4        0xc CMakeFiles/pico_drivers.dir/home/matthew/Dev/PICO/pico-sdk/src/rp2_common/hardware_clocks/clocks.c.obj
                0x0000000010002bd4                clock_get_hz
 .text.pll_init
                0x0000000010002be0      0x138 CMakeFiles/pico_drivers.dir/home/matthew/Dev/PICO/pico-sdk/src/rp2_common/hardware_pll/pll.c.obj
                0x0000000010002be0                pll_init
 .text.watchdog_start_tick
                0x0000000010002d18       0x10 CMakeFiles/pico_drivers.dir/home/matthew/Dev/PICO/pico-sdk/src/rp2_common/hardware_watchdog/watchdog.c.obj
                0x0000000010002d18                watchdog_start_tick
 .text.watchdog_update
                0x0000000010002d28       0x14 CMakeFiles/pico_drivers.dir/home/matthew/Dev/PICO/pico-sdk/src/rp2_common/hardware_watchdog/watchdog.c.obj
                0x0000000010002d28                watchdog_update
 .text._watchdog_enable
                0x0000000010002d3c       0x70 CMakeFiles/pico_drivers.dir/home/matthew/Dev/PICO/pico-sdk/src/rp2_common/hardware_watchdog/watchdog.c.obj
                0x0000000010002d3c                _watchdog_enable
 .text.watchdog_reboot
                0x0000000010002dac       0x44 CMakeFiles/pico_drivers.dir/home/matthew/Dev/PICO/pico-sdk/src/rp2_common/hardware_watchdog/watchdog.c.obj
                0x0000000010002dac                watchdog_reboot
 .text.xosc_init
                0x0000000010002df0       0x28 CMakeFiles/pico_drivers.dir/home/matthew/Dev/PICO/pico-sdk/src/rp2_common/hardware_xosc/xosc.c.obj
                0x0000000010002df0                xosc_init
 .text._out_null
                0x0000000010002e18        0x2 CMakeFiles/pico_drivers.dir/home/matthew/Dev/PICO/pico-sdk/src/rp2_common/pico_printf/printf.c.obj
 .text._out_fct
                0x0000000010002e1a       0x10 CMakeFiles/pico_drivers.dir/home/matthew/Dev/PICO/pico-sdk/src/rp2_common/pico_printf/printf.c.obj
 .text._atoi    0x0000000010002e2a       0x28 CMakeFiles/pico_drivers.dir/home/matthew/Dev/PICO/pico-sdk/src/rp2_common/pico_printf/printf.c.obj
 .text._out_rev
                0x0000000010002e52       0xa2 CMakeFiles/pico_drivers.dir/home/matthew/Dev/PICO/pico-sdk/src/rp2_common/pico_printf/printf.c.obj
 .text._ntoa_format
                0x0000000010002ef4      0x10e CMakeFiles/pico_drivers.dir/home/matthew/Dev/PICO/pico-sdk/src/rp2_common/pico_printf/printf.c.obj
 .text._ntoa_long
                0x0000000010003002       0x9e CMakeFiles/pico_drivers.dir/home/matthew/Dev/PICO/pico-sdk/src/rp2_common/pico_printf/printf.c.obj
 .text._ntoa_long_long
                0x00000000100030a0       0xde CMakeFiles/pico_drivers.dir/home/matthew/Dev/PICO/pico-sdk/src/rp2_common/pico_printf/printf.c.obj
 *fill*         0x000000001000317e        0x2 
 .text._etoa    0x0000000010003180      0x410 CMakeFiles/pico_drivers.dir/home/matthew/Dev/PICO/pico-sdk/src/rp2_common/pico_printf/printf.c.obj
 .text._ftoa    0x0000000010003590      0x33c CMakeFiles/pico_drivers.dir/home/matthew/Dev/PICO/pico-sdk/src/rp2_common/pico_printf/printf.c.obj
 .text._vsnprintf
                0x00000000100038cc      0x61c CMakeFiles/pico_drivers.dir/home/matthew/Dev/PICO/pico-sdk/src/rp2_common/pico_printf/printf.c.obj
 .text.vfctprintf
                0x0000000010003ee8       0x20 CMakeFiles/pico_drivers.dir/home/matthew/Dev/PICO/pico-sdk/src/rp2_common/pico_printf/printf.c.obj
                0x0000000010003ee8                vfctprintf
 .text          0x0000000010003f08       0x10 CMakeFiles/pico_drivers.dir/home/matthew/Dev/PICO/pico-sdk/src/rp2_common/pico_bit_ops/bit_ops_aeabi.S.obj
 .text.ctzsi    0x0000000010003f18        0xc CMakeFiles/pico_drivers.dir/home/matthew/Dev/PICO/pico-sdk/src/rp2_common/pico_bit_ops/bit_ops_aeabi.S.obj
                0x0000000010003f18                __wrap___ctzsi2
 .text.rom_func_lookup
                0x0000000010003f24       0x10 CMakeFiles/pico_drivers.dir/home/matthew/Dev/PICO/pico-sdk/src/rp2_common/pico_bootrom/bootrom.c.obj
                0x0000000010003f24                rom_func_lookup
 .text.rom_data_lookup
                0x0000000010003f34       0x10 CMakeFiles/pico_drivers.dir/home/matthew/Dev/PICO/pico-sdk/src/rp2_common/pico_bootrom/bootrom.c.obj
                0x0000000010003f34                rom_data_lookup
 .text.rom_funcs_lookup
                0x0000000010003f44       0x36 CMakeFiles/pico_drivers.dir/home/matthew/Dev/PICO/pico-sdk/src/rp2_common/pico_bootrom/bootrom.c.obj
                0x0000000010003f44                rom_funcs_lookup
 *fill*         0x0000000010003f7a        0x2 
 .text.__wrap___aeabi_idiv
                0x0000000010003f7c       0x50 CMakeFiles/pico_drivers.dir/home/matthew/Dev/PICO/pico-sdk/src/rp2_common/pico_divider/divider.S.obj
                0x0000000010003f7c                __wrap___aeabi_idivmod
                0x0000000010003f7c                divmod_s32s32
                0x0000000010003f7c                div_s32s32
                0x0000000010003f7c                __wrap___aeabi_idiv
                0x0000000010003f84                divmod_s32s32_unsafe
                0x0000000010003fb0                divmod_s32s32_savestate
 .text.__wrap___aeabi_uidiv
                0x0000000010003fcc       0x4c CMakeFiles/pico_drivers.dir/home/matthew/Dev/PICO/pico-sdk/src/rp2_common/pico_divider/divider.S.obj
                0x0000000010003fcc                __wrap___aeabi_uidiv
                0x0000000010003fcc                __wrap___aeabi_uidivmod
                0x0000000010003fcc                div_u32u32
                0x0000000010003fcc                divmod_u32u32
                0x0000000010003fd4                divmod_u32u32_unsafe
                0x0000000010003ffc                divmod_u32u32_savestate
 .text.__wrap___aeabi_ldiv
                0x0000000010004018      0x434 CMakeFiles/pico_drivers.dir/home/matthew/Dev/PICO/pico-sdk/src/rp2_common/pico_divider/divider.S.obj
                0x0000000010004018                div_s64s64
                0x0000000010004018                divmod_s64s64
                0x0000000010004018                __wrap___aeabi_ldivmod
                0x0000000010004050                div_u64u64
                0x0000000010004050                divmod_u64u64
                0x0000000010004050                __wrap___aeabi_uldivmod
                0x0000000010004060                divmod_u64u64_savestate
                0x0000000010004088                divmod_s64s64_unsafe
                0x0000000010004110                divmod_u64u64_unsafe
 .text.__wrap___aeabi_darithmetic
                0x000000001000444c       0x60 CMakeFiles/pico_drivers.dir/home/matthew/Dev/PICO/pico-sdk/src/rp2_common/pico_double/double_aeabi.S.obj
                0x000000001000444c                __wrap___aeabi_drsub
                0x0000000010004452                __wrap___aeabi_dsub
                0x000000001000445c                __wrap___aeabi_dadd
                0x0000000010004466                __wrap___aeabi_ddiv
                0x000000001000449a                __wrap___aeabi_dmul
 .text.__wrap___aeabi_cdcmple
                0x00000000100044ac       0x6c CMakeFiles/pico_drivers.dir/home/matthew/Dev/PICO/pico-sdk/src/rp2_common/pico_double/double_aeabi.S.obj
                0x00000000100044ac                __wrap___aeabi_cdrcmple
                0x00000000100044bc                __wrap___aeabi_cdcmple
                0x00000000100044bc                __wrap___aeabi_cdcmpeq
 .text.__wrap___aeabi_dcmplt
                0x0000000010004518        0xc CMakeFiles/pico_drivers.dir/home/matthew/Dev/PICO/pico-sdk/src/rp2_common/pico_double/double_aeabi.S.obj
                0x0000000010004518                __wrap___aeabi_dcmplt
 .text.__wrap___aeabi_dcmple
                0x0000000010004524       0x10 CMakeFiles/pico_drivers.dir/home/matthew/Dev/PICO/pico-sdk/src/rp2_common/pico_double/double_aeabi.S.obj
                0x0000000010004524                __wrap___aeabi_dcmple
 .text.__wrap___aeabi_dcmpge
                0x0000000010004534       0x10 CMakeFiles/pico_drivers.dir/home/matthew/Dev/PICO/pico-sdk/src/rp2_common/pico_double/double_aeabi.S.obj
                0x0000000010004534                __wrap___aeabi_dcmpge
 .text.__wrap___aeabi_dcmpgt
                0x0000000010004544        0xa CMakeFiles/pico_drivers.dir/home/matthew/Dev/PICO/pico-sdk/src/rp2_common/pico_double/double_aeabi.S.obj
                0x0000000010004544                __wrap___aeabi_dcmpgt
 .text.__wrap___aeabi_dcmpun
                0x000000001000454e       0x1c CMakeFiles/pico_drivers.dir/home/matthew/Dev/PICO/pico-sdk/src/rp2_common/pico_double/double_aeabi.S.obj
                0x000000001000454e                __wrap___aeabi_dcmpun
 *fill*         0x000000001000456a        0x2 
 .text.__wrap___aeabi_i2d
                0x000000001000456c       0x38 CMakeFiles/pico_drivers.dir/home/matthew/Dev/PICO/pico-sdk/src/rp2_common/pico_double/double_aeabi.S.obj
                0x000000001000456c                __wrap___aeabi_ui2d
                0x0000000010004574                __wrap___aeabi_i2d
 .text.__wrap___aeabi_d2iz
                0x00000000100045a4       0x48 CMakeFiles/pico_drivers.dir/home/matthew/Dev/PICO/pico-sdk/src/rp2_common/pico_double/double_aeabi.S.obj
                0x00000000100045a4                __wrap___aeabi_d2iz
                0x00000000100045a4                double2int_z
 .text.__wrap___aeabi_d2uiz
                0x00000000100045ec       0x10 CMakeFiles/pico_drivers.dir/home/matthew/Dev/PICO/pico-sdk/src/rp2_common/pico_double/double_aeabi.S.obj
                0x00000000100045ec                double2uint
                0x00000000100045ec                __wrap___aeabi_d2uiz
 .text.__wrap___aeabi_d2f
                0x00000000100045fc       0x10 CMakeFiles/pico_drivers.dir/home/matthew/Dev/PICO/pico-sdk/src/rp2_common/pico_double/double_aeabi.S.obj
                0x00000000100045fc                __wrap___aeabi_d2f
 .text.__wrap_exp
                0x000000001000460c       0x10 CMakeFiles/pico_drivers.dir/home/matthew/Dev/PICO/pico-sdk/src/rp2_common/pico_double/double_aeabi.S.obj
                0x000000001000460c                __wrap_exp
 .text.__wrap_log
                0x000000001000461c       0x10 CMakeFiles/pico_drivers.dir/home/matthew/Dev/PICO/pico-sdk/src/rp2_common/pico_double/double_aeabi.S.obj
                0x000000001000461c                __wrap_log
 .text.missing_double_func_shim
                0x000000001000462c        0xc CMakeFiles/pico_drivers.dir/home/matthew/Dev/PICO/pico-sdk/src/rp2_common/pico_double/double_init_rom.c.obj
 .text.__aeabi_double_init
                0x0000000010004638       0xcc CMakeFiles/pico_drivers.dir/home/matthew/Dev/PICO/pico-sdk/src/rp2_common/pico_double/double_init_rom.c.obj
                0x0000000010004638                __aeabi_double_init
 .text.double_table_shim_on_use_helper
                0x0000000010004704       0x34 CMakeFiles/pico_drivers.dir/home/matthew/Dev/PICO/pico-sdk/src/rp2_common/pico_double/double_v1_rom_shim.S.obj
                0x0000000010004704                double_table_shim_on_use_helper
 .text.__aeabi_lmul
                0x0000000010004738       0x32 CMakeFiles/pico_drivers.dir/home/matthew/Dev/PICO/pico-sdk/src/rp2_common/pico_int64_ops/pico_int64_ops_aeabi.S.obj
                0x0000000010004738                __wrap___aeabi_lmul
 *fill*         0x000000001000476a        0x2 
 .text.__wrap___aeabi_farithmetic
                0x000000001000476c       0x48 CMakeFiles/pico_drivers.dir/home/matthew/Dev/PICO/pico-sdk/src/rp2_common/pico_float/float_aeabi.S.obj
                0x000000001000476c                __wrap___aeabi_frsub
                0x0000000010004772                __wrap___aeabi_fsub
                0x0000000010004778                __wrap___aeabi_fadd
                0x000000001000477e                __wrap___aeabi_fdiv
                0x00000000100047a6                __wrap___aeabi_fmul
 .text.__wrap___aeabi_cfcmple
                0x00000000100047b4       0x50 CMakeFiles/pico_drivers.dir/home/matthew/Dev/PICO/pico-sdk/src/rp2_common/pico_float/float_aeabi.S.obj
                0x00000000100047b4                __wrap___aeabi_cfrcmple
                0x00000000100047c0                __wrap___aeabi_cfcmpeq
                0x00000000100047c0                __wrap___aeabi_cfcmple
 .text.__wrap___aeabi_fcmpeq
                0x0000000010004804       0x10 CMakeFiles/pico_drivers.dir/home/matthew/Dev/PICO/pico-sdk/src/rp2_common/pico_float/float_aeabi.S.obj
                0x0000000010004804                __wrap___aeabi_fcmpeq
 .text.__wrap___aeabi_ui2f
                0x0000000010004814        0xa CMakeFiles/pico_drivers.dir/home/matthew/Dev/PICO/pico-sdk/src/rp2_common/pico_float/float_aeabi.S.obj
                0x0000000010004814                __wrap___aeabi_ui2f
 *fill*         0x000000001000481e        0x2 
 .text.__wrap___aeabi_i2f
                0x0000000010004820       0x44 CMakeFiles/pico_drivers.dir/home/matthew/Dev/PICO/pico-sdk/src/rp2_common/pico_float/float_aeabi.S.obj
                0x0000000010004820                __wrap___aeabi_i2f
 .text.__wrap___aeabi_f2iz
                0x0000000010004864       0x4e CMakeFiles/pico_drivers.dir/home/matthew/Dev/PICO/pico-sdk/src/rp2_common/pico_float/float_aeabi.S.obj
                0x0000000010004864                __wrap___aeabi_f2iz
                0x0000000010004864                float2int_z
 *fill*         0x00000000100048b2        0x2 
 .text.float2int
                0x00000000100048b4        0xc CMakeFiles/pico_drivers.dir/home/matthew/Dev/PICO/pico-sdk/src/rp2_common/pico_float/float_aeabi.S.obj
                0x00000000100048b4                float2int
 .text.__wrap___aeabi_f2uiz
                0x00000000100048c0        0xc CMakeFiles/pico_drivers.dir/home/matthew/Dev/PICO/pico-sdk/src/rp2_common/pico_float/float_aeabi.S.obj
                0x00000000100048c0                __wrap___aeabi_f2uiz
 .text.__wrap___aeabi_f2d
                0x00000000100048cc        0xc CMakeFiles/pico_drivers.dir/home/matthew/Dev/PICO/pico-sdk/src/rp2_common/pico_float/float_aeabi.S.obj
                0x00000000100048cc                __wrap___aeabi_f2d
 .text.missing_float_func_shim
                0x00000000100048d8        0xc CMakeFiles/pico_drivers.dir/home/matthew/Dev/PICO/pico-sdk/src/rp2_common/pico_float/float_init_rom.c.obj
 .text.__aeabi_float_init
                0x00000000100048e4       0x88 CMakeFiles/pico_drivers.dir/home/matthew/Dev/PICO/pico-sdk/src/rp2_common/pico_float/float_init_rom.c.obj
                0x00000000100048e4                __aeabi_float_init
 .text.fpow_int2
                0x000000001000496c       0x26 CMakeFiles/pico_drivers.dir/home/matthew/Dev/PICO/pico-sdk/src/rp2_common/pico_float/float_math.c.obj
 *fill*         0x0000000010004992        0x2 
 .text.fpow_0   0x0000000010004994      0x134 CMakeFiles/pico_drivers.dir/home/matthew/Dev/PICO/pico-sdk/src/rp2_common/pico_float/float_math.c.obj
 .text.__wrap_powf
                0x0000000010004ac8      0x1e8 CMakeFiles/pico_drivers.dir/home/matthew/Dev/PICO/pico-sdk/src/rp2_common/pico_float/float_math.c.obj
                0x0000000010004ac8                __wrap_powf
 .text          0x0000000010004cb0       0x10 CMakeFiles/pico_drivers.dir/home/matthew/Dev/PICO/pico-sdk/src/rp2_common/pico_mem_ops/mem_ops_aeabi.S.obj
                0x0000000010004cb0                __aeabi_mem_init
 .text.memset   0x0000000010004cc0        0xc CMakeFiles/pico_drivers.dir/home/matthew/Dev/PICO/pico-sdk/src/rp2_common/pico_mem_ops/mem_ops_aeabi.S.obj
                0x0000000010004cc0                __wrap_memset
 .text.memcpy   0x0000000010004ccc        0xc CMakeFiles/pico_drivers.dir/home/matthew/Dev/PICO/pico-sdk/src/rp2_common/pico_mem_ops/mem_ops_aeabi.S.obj
                0x0000000010004ccc                __wrap___aeabi_memcpy
                0x0000000010004ccc                __wrap_memcpy
 .text.stdio_out_chars_no_crlf
                0x0000000010004cd8        0xe CMakeFiles/pico_drivers.dir/home/matthew/Dev/PICO/pico-sdk/src/rp2_common/pico_stdio/stdio.c.obj
 *fill*         0x0000000010004ce6        0x2 
 .text.stdio_out_chars_crlf
                0x0000000010004ce8       0x84 CMakeFiles/pico_drivers.dir/home/matthew/Dev/PICO/pico-sdk/src/rp2_common/pico_stdio/stdio.c.obj
 .text.stdio_stack_buffer_flush
                0x0000000010004d6c       0x44 CMakeFiles/pico_drivers.dir/home/matthew/Dev/PICO/pico-sdk/src/rp2_common/pico_stdio/stdio.c.obj
 .text.stdio_buffered_printer
                0x0000000010004db0       0x20 CMakeFiles/pico_drivers.dir/home/matthew/Dev/PICO/pico-sdk/src/rp2_common/pico_stdio/stdio.c.obj
 .text.stdout_serialize_begin
                0x0000000010004dd0       0x30 CMakeFiles/pico_drivers.dir/home/matthew/Dev/PICO/pico-sdk/src/rp2_common/pico_stdio/stdio.c.obj
                0x0000000010004dd0                stdout_serialize_begin
 .text.stdout_serialize_end
                0x0000000010004e00       0x10 CMakeFiles/pico_drivers.dir/home/matthew/Dev/PICO/pico-sdk/src/rp2_common/pico_stdio/stdio.c.obj
                0x0000000010004e00                stdout_serialize_end
 .text.stdio_put_string
                0x0000000010004e10       0x94 CMakeFiles/pico_drivers.dir/home/matthew/Dev/PICO/pico-sdk/src/rp2_common/pico_stdio/stdio.c.obj
 .text.stdio_set_driver_enabled
                0x0000000010004ea4       0x2c CMakeFiles/pico_drivers.dir/home/matthew/Dev/PICO/pico-sdk/src/rp2_common/pico_stdio/stdio.c.obj
                0x0000000010004ea4                stdio_set_driver_enabled
 .text.stdio_flush
                0x0000000010004ed0       0x20 CMakeFiles/pico_drivers.dir/home/matthew/Dev/PICO/pico-sdk/src/rp2_common/pico_stdio/stdio.c.obj
                0x0000000010004ed0                stdio_flush
 .text.__wrap_puts
                0x0000000010004ef0       0x1e CMakeFiles/pico_drivers.dir/home/matthew/Dev/PICO/pico-sdk/src/rp2_common/pico_stdio/stdio.c.obj
                0x0000000010004ef0                __wrap_puts
 *fill*         0x0000000010004f0e        0x2 
 .text.__wrap_vprintf
                0x0000000010004f10       0x44 CMakeFiles/pico_drivers.dir/home/matthew/Dev/PICO/pico-sdk/src/rp2_common/pico_stdio/stdio.c.obj
                0x0000000010004f10                __wrap_vprintf
 .text.__wrap_printf
                0x0000000010004f54       0x18 CMakeFiles/pico_drivers.dir/home/matthew/Dev/PICO/pico-sdk/src/rp2_common/pico_stdio/stdio.c.obj
                0x0000000010004f54                __wrap_printf
 .text.stdio_init_all
                0x0000000010004f6c        0x8 CMakeFiles/pico_drivers.dir/home/matthew/Dev/PICO/pico-sdk/src/rp2_common/pico_stdio/stdio.c.obj
                0x0000000010004f6c                stdio_init_all
 .text.resetd_init
                0x0000000010004f74        0x2 CMakeFiles/pico_drivers.dir/home/matthew/Dev/PICO/pico-sdk/src/rp2_common/pico_stdio_usb/reset_interface.c.obj
 *fill*         0x0000000010004f76        0x2 
 .text.resetd_reset
                0x0000000010004f78        0xc CMakeFiles/pico_drivers.dir/home/matthew/Dev/PICO/pico-sdk/src/rp2_common/pico_stdio_usb/reset_interface.c.obj
 .text.resetd_open
                0x0000000010004f84       0x34 CMakeFiles/pico_drivers.dir/home/matthew/Dev/PICO/pico-sdk/src/rp2_common/pico_stdio_usb/reset_interface.c.obj
 .text.resetd_xfer_cb
                0x0000000010004fb8        0x4 CMakeFiles/pico_drivers.dir/home/matthew/Dev/PICO/pico-sdk/src/rp2_common/pico_stdio_usb/reset_interface.c.obj
 .text.resetd_control_xfer_cb
                0x0000000010004fbc       0x6c CMakeFiles/pico_drivers.dir/home/matthew/Dev/PICO/pico-sdk/src/rp2_common/pico_stdio_usb/reset_interface.c.obj
 .text.usbd_app_driver_get_cb
                0x0000000010005028        0xc CMakeFiles/pico_drivers.dir/home/matthew/Dev/PICO/pico-sdk/src/rp2_common/pico_stdio_usb/reset_interface.c.obj
                0x0000000010005028                usbd_app_driver_get_cb
 .text.tud_cdc_line_coding_cb
                0x0000000010005034       0x34 CMakeFiles/pico_drivers.dir/home/matthew/Dev/PICO/pico-sdk/src/rp2_common/pico_stdio_usb/reset_interface.c.obj
                0x0000000010005034                tud_cdc_line_coding_cb
 .text.stdio_usb_in_chars
                0x0000000010005068       0x70 CMakeFiles/pico_drivers.dir/home/matthew/Dev/PICO/pico-sdk/src/rp2_common/pico_stdio_usb/stdio_usb.c.obj
                0x0000000010005068                stdio_usb_in_chars
 .text.low_priority_worker_irq
                0x00000000100050d8       0x20 CMakeFiles/pico_drivers.dir/home/matthew/Dev/PICO/pico-sdk/src/rp2_common/pico_stdio_usb/stdio_usb.c.obj
 .text.stdio_usb_out_chars
                0x00000000100050f8       0xd4 CMakeFiles/pico_drivers.dir/home/matthew/Dev/PICO/pico-sdk/src/rp2_common/pico_stdio_usb/stdio_usb.c.obj
 .text.timer_task
                0x00000000100051cc       0x40 CMakeFiles/pico_drivers.dir/home/matthew/Dev/PICO/pico-sdk/src/rp2_common/pico_stdio_usb/stdio_usb.c.obj
 .text.usb_irq  0x000000001000520c       0x10 CMakeFiles/pico_drivers.dir/home/matthew/Dev/PICO/pico-sdk/src/rp2_common/pico_stdio_usb/stdio_usb.c.obj
 .text.stdio_usb_init
                0x000000001000521c       0xe8 CMakeFiles/pico_drivers.dir/home/matthew/Dev/PICO/pico-sdk/src/rp2_common/pico_stdio_usb/stdio_usb.c.obj
                0x000000001000521c                stdio_usb_init
 .text.tud_descriptor_device_cb
                0x0000000010005304        0x8 CMakeFiles/pico_drivers.dir/home/matthew/Dev/PICO/pico-sdk/src/rp2_common/pico_stdio_usb/stdio_usb_descriptors.c.obj
                0x0000000010005304                tud_descriptor_device_cb
 .text.tud_descriptor_configuration_cb
                0x000000001000530c        0x8 CMakeFiles/pico_drivers.dir/home/matthew/Dev/PICO/pico-sdk/src/rp2_common/pico_stdio_usb/stdio_usb_descriptors.c.obj
                0x000000001000530c                tud_descriptor_configuration_cb
 .text.tud_descriptor_string_cb
                0x0000000010005314       0x68 CMakeFiles/pico_drivers.dir/home/matthew/Dev/PICO/pico-sdk/src/rp2_common/pico_stdio_usb/stdio_usb_descriptors.c.obj
                0x0000000010005314                tud_descriptor_string_cb
 .text.hw_endpoint_get_by_addr
                0x000000001000537c       0x18 CMakeFiles/pico_drivers.dir/home/matthew/Dev/PICO/pico-sdk/lib/tinyusb/src/portable/raspberrypi/rp2040/dcd_rp2040.c.obj
 .text.reset_ep0_pid
                0x0000000010005394       0x28 CMakeFiles/pico_drivers.dir/home/matthew/Dev/PICO/pico-sdk/lib/tinyusb/src/portable/raspberrypi/rp2040/dcd_rp2040.c.obj
 .text._hw_endpoint_alloc
                0x00000000100053bc       0x70 CMakeFiles/pico_drivers.dir/home/matthew/Dev/PICO/pico-sdk/lib/tinyusb/src/portable/raspberrypi/rp2040/dcd_rp2040.c.obj
 .text.hw_endpoint_init
                0x000000001000542c       0x88 CMakeFiles/pico_drivers.dir/home/matthew/Dev/PICO/pico-sdk/lib/tinyusb/src/portable/raspberrypi/rp2040/dcd_rp2040.c.obj
 .text.reset_non_control_endpoints
                0x00000000100054b4       0x44 CMakeFiles/pico_drivers.dir/home/matthew/Dev/PICO/pico-sdk/lib/tinyusb/src/portable/raspberrypi/rp2040/dcd_rp2040.c.obj
 .text.hw_handle_buff_status
                0x00000000100054f8       0x8c CMakeFiles/pico_drivers.dir/home/matthew/Dev/PICO/pico-sdk/lib/tinyusb/src/portable/raspberrypi/rp2040/dcd_rp2040.c.obj
 .text.dcd_rp2040_irq
                0x0000000010005584       0xbc CMakeFiles/pico_drivers.dir/home/matthew/Dev/PICO/pico-sdk/lib/tinyusb/src/portable/raspberrypi/rp2040/dcd_rp2040.c.obj
 .text.hw_endpoint_xfer
                0x0000000010005640       0x14 CMakeFiles/pico_drivers.dir/home/matthew/Dev/PICO/pico-sdk/lib/tinyusb/src/portable/raspberrypi/rp2040/dcd_rp2040.c.obj
 .text.dcd_int_enable
                0x0000000010005654       0x2c CMakeFiles/pico_drivers.dir/home/matthew/Dev/PICO/pico-sdk/lib/tinyusb/src/portable/raspberrypi/rp2040/dcd_rp2040.c.obj
                0x0000000010005654                dcd_int_enable
 .text.dcd_set_address
                0x0000000010005680       0x2c CMakeFiles/pico_drivers.dir/home/matthew/Dev/PICO/pico-sdk/lib/tinyusb/src/portable/raspberrypi/rp2040/dcd_rp2040.c.obj
                0x0000000010005680                dcd_set_address
 .text.dcd_connect
                0x00000000100056ac       0x10 CMakeFiles/pico_drivers.dir/home/matthew/Dev/PICO/pico-sdk/lib/tinyusb/src/portable/raspberrypi/rp2040/dcd_rp2040.c.obj
                0x00000000100056ac                dcd_connect
 .text.dcd_init
                0x00000000100056bc       0x7c CMakeFiles/pico_drivers.dir/home/matthew/Dev/PICO/pico-sdk/lib/tinyusb/src/portable/raspberrypi/rp2040/dcd_rp2040.c.obj
                0x00000000100056bc                dcd_init
 .text.dcd_edpt0_status_complete
                0x0000000010005738       0x1c CMakeFiles/pico_drivers.dir/home/matthew/Dev/PICO/pico-sdk/lib/tinyusb/src/portable/raspberrypi/rp2040/dcd_rp2040.c.obj
                0x0000000010005738                dcd_edpt0_status_complete
 .text.dcd_edpt_open
                0x0000000010005754       0x40 CMakeFiles/pico_drivers.dir/home/matthew/Dev/PICO/pico-sdk/lib/tinyusb/src/portable/raspberrypi/rp2040/dcd_rp2040.c.obj
                0x0000000010005754                dcd_edpt_open
 .text.dcd_edpt_close_all
                0x0000000010005794        0x8 CMakeFiles/pico_drivers.dir/home/matthew/Dev/PICO/pico-sdk/lib/tinyusb/src/portable/raspberrypi/rp2040/dcd_rp2040.c.obj
                0x0000000010005794                dcd_edpt_close_all
 .text.dcd_edpt_xfer
                0x000000001000579c       0x30 CMakeFiles/pico_drivers.dir/home/matthew/Dev/PICO/pico-sdk/lib/tinyusb/src/portable/raspberrypi/rp2040/dcd_rp2040.c.obj
                0x000000001000579c                dcd_edpt_xfer
 .text.dcd_edpt_stall
                0x00000000100057cc       0x2c CMakeFiles/pico_drivers.dir/home/matthew/Dev/PICO/pico-sdk/lib/tinyusb/src/portable/raspberrypi/rp2040/dcd_rp2040.c.obj
                0x00000000100057cc                dcd_edpt_stall
 .text.dcd_edpt_clear_stall
                0x00000000100057f8       0x20 CMakeFiles/pico_drivers.dir/home/matthew/Dev/PICO/pico-sdk/lib/tinyusb/src/portable/raspberrypi/rp2040/dcd_rp2040.c.obj
                0x00000000100057f8                dcd_edpt_clear_stall
 .text.prepare_ep_buffer
                0x0000000010005818       0x70 CMakeFiles/pico_drivers.dir/home/matthew/Dev/PICO/pico-sdk/lib/tinyusb/src/portable/raspberrypi/rp2040/rp2040_usb.c.obj
 .text.sync_ep_buffer
                0x0000000010005888       0x7c CMakeFiles/pico_drivers.dir/home/matthew/Dev/PICO/pico-sdk/lib/tinyusb/src/portable/raspberrypi/rp2040/rp2040_usb.c.obj
 .text._hw_endpoint_xfer_sync
                0x0000000010005904       0x28 CMakeFiles/pico_drivers.dir/home/matthew/Dev/PICO/pico-sdk/lib/tinyusb/src/portable/raspberrypi/rp2040/rp2040_usb.c.obj
 .text.rp2040_usb_init
                0x000000001000592c       0x4c CMakeFiles/pico_drivers.dir/home/matthew/Dev/PICO/pico-sdk/lib/tinyusb/src/portable/raspberrypi/rp2040/rp2040_usb.c.obj
                0x000000001000592c                rp2040_usb_init
 .text.hw_endpoint_reset_transfer
                0x0000000010005978        0xc CMakeFiles/pico_drivers.dir/home/matthew/Dev/PICO/pico-sdk/lib/tinyusb/src/portable/raspberrypi/rp2040/rp2040_usb.c.obj
                0x0000000010005978                hw_endpoint_reset_transfer
 .text._hw_endpoint_buffer_control_update32
                0x0000000010005984       0x58 CMakeFiles/pico_drivers.dir/home/matthew/Dev/PICO/pico-sdk/lib/tinyusb/src/portable/raspberrypi/rp2040/rp2040_usb.c.obj
                0x0000000010005984                _hw_endpoint_buffer_control_update32
 .text._hw_endpoint_start_next_buffer
                0x00000000100059dc       0x74 CMakeFiles/pico_drivers.dir/home/matthew/Dev/PICO/pico-sdk/lib/tinyusb/src/portable/raspberrypi/rp2040/rp2040_usb.c.obj
 .text.hw_endpoint_xfer_start
                0x0000000010005a50       0x48 CMakeFiles/pico_drivers.dir/home/matthew/Dev/PICO/pico-sdk/lib/tinyusb/src/portable/raspberrypi/rp2040/rp2040_usb.c.obj
                0x0000000010005a50                hw_endpoint_xfer_start
 .text.hw_endpoint_xfer_continue
                0x0000000010005a98       0x38 CMakeFiles/pico_drivers.dir/home/matthew/Dev/PICO/pico-sdk/lib/tinyusb/src/portable/raspberrypi/rp2040/rp2040_usb.c.obj
                0x0000000010005a98                hw_endpoint_xfer_continue
 .text.configuration_reset
                0x0000000010005ad0       0x88 CMakeFiles/pico_drivers.dir/home/matthew/Dev/PICO/pico-sdk/lib/tinyusb/src/device/usbd.c.obj
 .text.usbd_reset
                0x0000000010005b58        0xc CMakeFiles/pico_drivers.dir/home/matthew/Dev/PICO/pico-sdk/lib/tinyusb/src/device/usbd.c.obj
 .text.invoke_class_control
                0x0000000010005b64       0x1a CMakeFiles/pico_drivers.dir/home/matthew/Dev/PICO/pico-sdk/lib/tinyusb/src/device/usbd.c.obj
 *fill*         0x0000000010005b7e        0x2 
 .text.process_set_config
                0x0000000010005b80      0x1ac CMakeFiles/pico_drivers.dir/home/matthew/Dev/PICO/pico-sdk/lib/tinyusb/src/device/usbd.c.obj
 .text.process_get_descriptor
                0x0000000010005d2c       0xf8 CMakeFiles/pico_drivers.dir/home/matthew/Dev/PICO/pico-sdk/lib/tinyusb/src/device/usbd.c.obj
 .text.tud_mounted
                0x0000000010005e24       0x10 CMakeFiles/pico_drivers.dir/home/matthew/Dev/PICO/pico-sdk/lib/tinyusb/src/device/usbd.c.obj
                0x0000000010005e24                tud_mounted
 .text.tud_suspended
                0x0000000010005e34       0x10 CMakeFiles/pico_drivers.dir/home/matthew/Dev/PICO/pico-sdk/lib/tinyusb/src/device/usbd.c.obj
                0x0000000010005e34                tud_suspended
 .text.tud_inited
                0x0000000010005e44        0xc CMakeFiles/pico_drivers.dir/home/matthew/Dev/PICO/pico-sdk/lib/tinyusb/src/device/usbd.c.obj
                0x0000000010005e44                tud_inited
 .text.tud_init
                0x0000000010005e50       0xd0 CMakeFiles/pico_drivers.dir/home/matthew/Dev/PICO/pico-sdk/lib/tinyusb/src/device/usbd.c.obj
                0x0000000010005e50                tud_init
 .text.dcd_event_handler
                0x0000000010005f20      0x1e0 CMakeFiles/pico_drivers.dir/home/matthew/Dev/PICO/pico-sdk/lib/tinyusb/src/device/usbd.c.obj
                0x0000000010005f20                dcd_event_handler
 .text.dcd_event_bus_signal
                0x0000000010006100       0x26 CMakeFiles/pico_drivers.dir/home/matthew/Dev/PICO/pico-sdk/lib/tinyusb/src/device/usbd.c.obj
                0x0000000010006100                dcd_event_bus_signal
 .text.dcd_event_bus_reset
                0x0000000010006126       0x2a CMakeFiles/pico_drivers.dir/home/matthew/Dev/PICO/pico-sdk/lib/tinyusb/src/device/usbd.c.obj
                0x0000000010006126                dcd_event_bus_reset
 .text.dcd_event_setup_received
                0x0000000010006150       0x32 CMakeFiles/pico_drivers.dir/home/matthew/Dev/PICO/pico-sdk/lib/tinyusb/src/device/usbd.c.obj
                0x0000000010006150                dcd_event_setup_received
 .text.dcd_event_xfer_complete
                0x0000000010006182       0x44 CMakeFiles/pico_drivers.dir/home/matthew/Dev/PICO/pico-sdk/lib/tinyusb/src/device/usbd.c.obj
                0x0000000010006182                dcd_event_xfer_complete
 *fill*         0x00000000100061c6        0x2 
 .text.usbd_edpt_open
                0x00000000100061c8       0x5c CMakeFiles/pico_drivers.dir/home/matthew/Dev/PICO/pico-sdk/lib/tinyusb/src/device/usbd.c.obj
                0x00000000100061c8                usbd_edpt_open
 .text.usbd_open_edpt_pair
                0x0000000010006224       0x8c CMakeFiles/pico_drivers.dir/home/matthew/Dev/PICO/pico-sdk/lib/tinyusb/src/device/usbd.c.obj
                0x0000000010006224                usbd_open_edpt_pair
 .text.usbd_edpt_claim
                0x00000000100062b0       0x8c CMakeFiles/pico_drivers.dir/home/matthew/Dev/PICO/pico-sdk/lib/tinyusb/src/device/usbd.c.obj
                0x00000000100062b0                usbd_edpt_claim
 .text.usbd_edpt_release
                0x000000001000633c       0x68 CMakeFiles/pico_drivers.dir/home/matthew/Dev/PICO/pico-sdk/lib/tinyusb/src/device/usbd.c.obj
                0x000000001000633c                usbd_edpt_release
 .text.usbd_edpt_xfer
                0x00000000100063a4       0x80 CMakeFiles/pico_drivers.dir/home/matthew/Dev/PICO/pico-sdk/lib/tinyusb/src/device/usbd.c.obj
                0x00000000100063a4                usbd_edpt_xfer
 .text.usbd_edpt_stall
                0x0000000010006424       0x40 CMakeFiles/pico_drivers.dir/home/matthew/Dev/PICO/pico-sdk/lib/tinyusb/src/device/usbd.c.obj
                0x0000000010006424                usbd_edpt_stall
 .text.usbd_edpt_clear_stall
                0x0000000010006464       0x40 CMakeFiles/pico_drivers.dir/home/matthew/Dev/PICO/pico-sdk/lib/tinyusb/src/device/usbd.c.obj
                0x0000000010006464                usbd_edpt_clear_stall
 .text.usbd_edpt_stalled
                0x00000000100064a4       0x1c CMakeFiles/pico_drivers.dir/home/matthew/Dev/PICO/pico-sdk/lib/tinyusb/src/device/usbd.c.obj
                0x00000000100064a4                usbd_edpt_stalled
 .text.process_control_request
                0x00000000100064c0      0x3cc CMakeFiles/pico_drivers.dir/home/matthew/Dev/PICO/pico-sdk/lib/tinyusb/src/device/usbd.c.obj
 .text.tud_task
                0x000000001000688c      0x220 CMakeFiles/pico_drivers.dir/home/matthew/Dev/PICO/pico-sdk/lib/tinyusb/src/device/usbd.c.obj
                0x000000001000688c                tud_task
 .text._data_stage_xact
                0x0000000010006aac       0x58 CMakeFiles/pico_drivers.dir/home/matthew/Dev/PICO/pico-sdk/lib/tinyusb/src/device/usbd_control.c.obj
 .text.tud_control_status
                0x0000000010006b04       0x38 CMakeFiles/pico_drivers.dir/home/matthew/Dev/PICO/pico-sdk/lib/tinyusb/src/device/usbd_control.c.obj
                0x0000000010006b04                tud_control_status
 .text.tud_control_xfer
                0x0000000010006b3c       0xa4 CMakeFiles/pico_drivers.dir/home/matthew/Dev/PICO/pico-sdk/lib/tinyusb/src/device/usbd_control.c.obj
                0x0000000010006b3c                tud_control_xfer
 .text.usbd_control_reset
                0x0000000010006be0       0x14 CMakeFiles/pico_drivers.dir/home/matthew/Dev/PICO/pico-sdk/lib/tinyusb/src/device/usbd_control.c.obj
                0x0000000010006be0                usbd_control_reset
 .text.usbd_control_set_complete_callback
                0x0000000010006bf4        0xc CMakeFiles/pico_drivers.dir/home/matthew/Dev/PICO/pico-sdk/lib/tinyusb/src/device/usbd_control.c.obj
                0x0000000010006bf4                usbd_control_set_complete_callback
 .text.usbd_control_set_request
                0x0000000010006c00       0x1c CMakeFiles/pico_drivers.dir/home/matthew/Dev/PICO/pico-sdk/lib/tinyusb/src/device/usbd_control.c.obj
                0x0000000010006c00                usbd_control_set_request
 .text.usbd_control_xfer_cb
                0x0000000010006c1c      0x104 CMakeFiles/pico_drivers.dir/home/matthew/Dev/PICO/pico-sdk/lib/tinyusb/src/device/usbd_control.c.obj
                0x0000000010006c1c                usbd_control_xfer_cb
 .text._prep_out_transaction
                0x0000000010006d20       0x46 CMakeFiles/pico_drivers.dir/home/matthew/Dev/PICO/pico-sdk/lib/tinyusb/src/class/cdc/cdc_device.c.obj
 *fill*         0x0000000010006d66        0x2 
 .text.tud_cdc_n_connected
                0x0000000010006d68       0x44 CMakeFiles/pico_drivers.dir/home/matthew/Dev/PICO/pico-sdk/lib/tinyusb/src/class/cdc/cdc_device.c.obj
                0x0000000010006d68                tud_cdc_n_connected
 .text.tud_cdc_n_available
                0x0000000010006dac       0x1c CMakeFiles/pico_drivers.dir/home/matthew/Dev/PICO/pico-sdk/lib/tinyusb/src/class/cdc/cdc_device.c.obj
                0x0000000010006dac                tud_cdc_n_available
 .text.tud_cdc_n_read
                0x0000000010006dc8       0x28 CMakeFiles/pico_drivers.dir/home/matthew/Dev/PICO/pico-sdk/lib/tinyusb/src/class/cdc/cdc_device.c.obj
                0x0000000010006dc8                tud_cdc_n_read
 .text.tud_cdc_n_write_flush
                0x0000000010006df0       0xcc CMakeFiles/pico_drivers.dir/home/matthew/Dev/PICO/pico-sdk/lib/tinyusb/src/class/cdc/cdc_device.c.obj
                0x0000000010006df0                tud_cdc_n_write_flush
 .text.tud_cdc_n_write
                0x0000000010006ebc       0x38 CMakeFiles/pico_drivers.dir/home/matthew/Dev/PICO/pico-sdk/lib/tinyusb/src/class/cdc/cdc_device.c.obj
                0x0000000010006ebc                tud_cdc_n_write
 .text.tud_cdc_n_write_available
                0x0000000010006ef4       0x1c CMakeFiles/pico_drivers.dir/home/matthew/Dev/PICO/pico-sdk/lib/tinyusb/src/class/cdc/cdc_device.c.obj
                0x0000000010006ef4                tud_cdc_n_write_available
 .text.cdcd_init
                0x0000000010006f10       0xc0 CMakeFiles/pico_drivers.dir/home/matthew/Dev/PICO/pico-sdk/lib/tinyusb/src/class/cdc/cdc_device.c.obj
                0x0000000010006f10                cdcd_init
 .text.cdcd_reset
                0x0000000010006fd0       0x44 CMakeFiles/pico_drivers.dir/home/matthew/Dev/PICO/pico-sdk/lib/tinyusb/src/class/cdc/cdc_device.c.obj
                0x0000000010006fd0                cdcd_reset
 .text.cdcd_open
                0x0000000010007014      0x100 CMakeFiles/pico_drivers.dir/home/matthew/Dev/PICO/pico-sdk/lib/tinyusb/src/class/cdc/cdc_device.c.obj
                0x0000000010007014                cdcd_open
 .text.cdcd_control_xfer_cb
                0x0000000010007114      0x12c CMakeFiles/pico_drivers.dir/home/matthew/Dev/PICO/pico-sdk/lib/tinyusb/src/class/cdc/cdc_device.c.obj
                0x0000000010007114                cdcd_control_xfer_cb
 .text.cdcd_xfer_cb
                0x0000000010007240      0x140 CMakeFiles/pico_drivers.dir/home/matthew/Dev/PICO/pico-sdk/lib/tinyusb/src/class/cdc/cdc_device.c.obj
                0x0000000010007240                cdcd_xfer_cb
 .text.tusb_init
                0x0000000010007380       0x24 CMakeFiles/pico_drivers.dir/home/matthew/Dev/PICO/pico-sdk/lib/tinyusb/src/tusb.c.obj
                0x0000000010007380                tusb_init
 .text.tusb_inited
                0x00000000100073a4        0xe CMakeFiles/pico_drivers.dir/home/matthew/Dev/PICO/pico-sdk/lib/tinyusb/src/tusb.c.obj
                0x00000000100073a4                tusb_inited
 *fill*         0x00000000100073b2        0x2 
 .text.tu_edpt_validate
                0x00000000100073b4       0xa8 CMakeFiles/pico_drivers.dir/home/matthew/Dev/PICO/pico-sdk/lib/tinyusb/src/tusb.c.obj
                0x00000000100073b4                tu_edpt_validate
 .text.tu_edpt_bind_driver
                0x000000001000745c       0x2a CMakeFiles/pico_drivers.dir/home/matthew/Dev/PICO/pico-sdk/lib/tinyusb/src/tusb.c.obj
                0x000000001000745c                tu_edpt_bind_driver
 .text.advance_pointer
                0x0000000010007486       0x18 CMakeFiles/pico_drivers.dir/home/matthew/Dev/PICO/pico-sdk/lib/tinyusb/src/common/tusb_fifo.c.obj
 .text.backward_pointer
                0x000000001000749e       0x18 CMakeFiles/pico_drivers.dir/home/matthew/Dev/PICO/pico-sdk/lib/tinyusb/src/common/tusb_fifo.c.obj
 .text.get_relative_pointer
                0x00000000100074b6       0x10 CMakeFiles/pico_drivers.dir/home/matthew/Dev/PICO/pico-sdk/lib/tinyusb/src/common/tusb_fifo.c.obj
 .text._tu_fifo_peek
                0x00000000100074c6       0x4c CMakeFiles/pico_drivers.dir/home/matthew/Dev/PICO/pico-sdk/lib/tinyusb/src/common/tusb_fifo.c.obj
 .text._ff_pull_const_addr
                0x0000000010007512       0x46 CMakeFiles/pico_drivers.dir/home/matthew/Dev/PICO/pico-sdk/lib/tinyusb/src/common/tusb_fifo.c.obj
 .text._ff_pull_n
                0x0000000010007558       0xfe CMakeFiles/pico_drivers.dir/home/matthew/Dev/PICO/pico-sdk/lib/tinyusb/src/common/tusb_fifo.c.obj
 .text._tu_fifo_peek_n
                0x0000000010007656       0x5e CMakeFiles/pico_drivers.dir/home/matthew/Dev/PICO/pico-sdk/lib/tinyusb/src/common/tusb_fifo.c.obj
 .text._tu_fifo_read_n
                0x00000000100076b4       0x4e CMakeFiles/pico_drivers.dir/home/matthew/Dev/PICO/pico-sdk/lib/tinyusb/src/common/tusb_fifo.c.obj
 .text._ff_push_const_addr
                0x0000000010007702       0x3a CMakeFiles/pico_drivers.dir/home/matthew/Dev/PICO/pico-sdk/lib/tinyusb/src/common/tusb_fifo.c.obj
 .text._ff_push_n
                0x000000001000773c       0xfa CMakeFiles/pico_drivers.dir/home/matthew/Dev/PICO/pico-sdk/lib/tinyusb/src/common/tusb_fifo.c.obj
 .text._tu_fifo_write_n
                0x0000000010007836       0x9e CMakeFiles/pico_drivers.dir/home/matthew/Dev/PICO/pico-sdk/lib/tinyusb/src/common/tusb_fifo.c.obj
 .text.tu_fifo_config
                0x00000000100078d4       0x76 CMakeFiles/pico_drivers.dir/home/matthew/Dev/PICO/pico-sdk/lib/tinyusb/src/common/tusb_fifo.c.obj
                0x00000000100078d4                tu_fifo_config
 .text.tu_fifo_count
                0x000000001000794a       0x24 CMakeFiles/pico_drivers.dir/home/matthew/Dev/PICO/pico-sdk/lib/tinyusb/src/common/tusb_fifo.c.obj
                0x000000001000794a                tu_fifo_count
 .text.tu_fifo_empty
                0x000000001000796e        0xe CMakeFiles/pico_drivers.dir/home/matthew/Dev/PICO/pico-sdk/lib/tinyusb/src/common/tusb_fifo.c.obj
                0x000000001000796e                tu_fifo_empty
 .text.tu_fifo_remaining
                0x000000001000797c       0x20 CMakeFiles/pico_drivers.dir/home/matthew/Dev/PICO/pico-sdk/lib/tinyusb/src/common/tusb_fifo.c.obj
                0x000000001000797c                tu_fifo_remaining
 .text.tu_fifo_read
                0x000000001000799c       0x42 CMakeFiles/pico_drivers.dir/home/matthew/Dev/PICO/pico-sdk/lib/tinyusb/src/common/tusb_fifo.c.obj
                0x000000001000799c                tu_fifo_read
 .text.tu_fifo_read_n
                0x00000000100079de        0xa CMakeFiles/pico_drivers.dir/home/matthew/Dev/PICO/pico-sdk/lib/tinyusb/src/common/tusb_fifo.c.obj
                0x00000000100079de                tu_fifo_read_n
 .text.tu_fifo_write
                0x00000000100079e8       0x6e CMakeFiles/pico_drivers.dir/home/matthew/Dev/PICO/pico-sdk/lib/tinyusb/src/common/tusb_fifo.c.obj
                0x00000000100079e8                tu_fifo_write
 .text.tu_fifo_write_n
                0x0000000010007a56        0xa CMakeFiles/pico_drivers.dir/home/matthew/Dev/PICO/pico-sdk/lib/tinyusb/src/common/tusb_fifo.c.obj
                0x0000000010007a56                tu_fifo_write_n
 .text.tu_fifo_clear
                0x0000000010007a60       0x4e CMakeFiles/pico_drivers.dir/home/matthew/Dev/PICO/pico-sdk/lib/tinyusb/src/common/tusb_fifo.c.obj
                0x0000000010007a60                tu_fifo_clear
 .text.tu_fifo_set_overwritable
                0x0000000010007aae       0x3c CMakeFiles/pico_drivers.dir/home/matthew/Dev/PICO/pico-sdk/lib/tinyusb/src/common/tusb_fifo.c.obj
                0x0000000010007aae                tu_fifo_set_overwritable
 *fill*         0x0000000010007aea        0x2 
 .text._retrieve_unique_id_on_boot
                0x0000000010007aec       0x10 CMakeFiles/pico_drivers.dir/home/matthew/Dev/PICO/pico-sdk/src/rp2_common/pico_unique_id/unique_id.c.obj
 .text.pico_get_unique_board_id
                0x0000000010007afc       0x10 CMakeFiles/pico_drivers.dir/home/matthew/Dev/PICO/pico-sdk/src/rp2_common/pico_unique_id/unique_id.c.obj
                0x0000000010007afc                pico_get_unique_board_id
 .text.pico_get_unique_board_id_string
                0x0000000010007b0c       0x60 CMakeFiles/pico_drivers.dir/home/matthew/Dev/PICO/pico-sdk/src/rp2_common/pico_unique_id/unique_id.c.obj
                0x0000000010007b0c                pico_get_unique_board_id_string
 .text.flash_get_unique_id
                0x0000000010007b6c       0x40 CMakeFiles/pico_drivers.dir/home/matthew/Dev/PICO/pico-sdk/src/rp2_common/hardware_flash/flash.c.obj
                0x0000000010007b6c                flash_get_unique_id
 .text.storage_read_blocks
                0x0000000010007bac        0x6 CMakeFiles/pico_drivers.dir/home/matthew/Dev/PICO/pico-sdk/src/rp2_common/pico_cyw43_arch/cyw43_arch.c.obj
                0x0000000010007bac                storage_read_blocks
 *fill*         0x0000000010007bb2        0x2 
 .text.cyw43_hal_generate_laa_mac
                0x0000000010007bb4       0x34 CMakeFiles/pico_drivers.dir/home/matthew/Dev/PICO/pico-sdk/src/rp2_common/pico_cyw43_arch/cyw43_arch.c.obj
                0x0000000010007bb4                cyw43_hal_generate_laa_mac
 .text.cyw43_arch_gpio_put
                0x0000000010007be8       0x14 CMakeFiles/pico_drivers.dir/home/matthew/Dev/PICO/pico-sdk/src/rp2_common/pico_cyw43_arch/cyw43_arch.c.obj
                0x0000000010007be8                cyw43_arch_gpio_put
 .text.low_prio_irq_schedule_dispatch
                0x0000000010007bfc       0x68 CMakeFiles/pico_drivers.dir/home/matthew/Dev/PICO/pico-sdk/src/rp2_common/pico_cyw43_arch/cyw43_arch_threadsafe_background.c.obj
 .text.gpio_irq_handler
                0x0000000010007c64       0x58 CMakeFiles/pico_drivers.dir/home/matthew/Dev/PICO/pico-sdk/src/rp2_common/pico_cyw43_arch/cyw43_arch_threadsafe_background.c.obj
 .text.periodic_alarm_handler
                0x0000000010007cbc       0x18 CMakeFiles/pico_drivers.dir/home/matthew/Dev/PICO/pico-sdk/src/rp2_common/pico_cyw43_arch/cyw43_arch_threadsafe_background.c.obj
 .text.periodic_worker
                0x0000000010007cd4       0x30 CMakeFiles/pico_drivers.dir/home/matthew/Dev/PICO/pico-sdk/src/rp2_common/pico_cyw43_arch/cyw43_arch_threadsafe_background.c.obj
 .text.low_prio_irq_init
                0x0000000010007d04       0x64 CMakeFiles/pico_drivers.dir/home/matthew/Dev/PICO/pico-sdk/src/rp2_common/pico_cyw43_arch/cyw43_arch_threadsafe_background.c.obj
 .text.low_priority_irq_handler
                0x0000000010007d68       0x8c CMakeFiles/pico_drivers.dir/home/matthew/Dev/PICO/pico-sdk/src/rp2_common/pico_cyw43_arch/cyw43_arch_threadsafe_background.c.obj
 .text.low_prio_irq_deinit
                0x0000000010007df4       0x30 CMakeFiles/pico_drivers.dir/home/matthew/Dev/PICO/pico-sdk/src/rp2_common/pico_cyw43_arch/cyw43_arch_threadsafe_background.c.obj
 .text.no_lwip_fail
                0x0000000010007e24        0xc CMakeFiles/pico_drivers.dir/home/matthew/Dev/PICO/pico-sdk/src/rp2_common/pico_cyw43_arch/cyw43_arch_threadsafe_background.c.obj
 .text.cyw43_delay_until
                0x0000000010007e30       0x22 CMakeFiles/pico_drivers.dir/home/matthew/Dev/PICO/pico-sdk/src/rp2_common/pico_cyw43_arch/cyw43_arch_threadsafe_background.c.obj
 *fill*         0x0000000010007e52        0x2 
 .text.cyw43_await_background_or_timeout_us
                0x0000000010007e54       0x1c CMakeFiles/pico_drivers.dir/home/matthew/Dev/PICO/pico-sdk/src/rp2_common/pico_cyw43_arch/cyw43_arch_threadsafe_background.c.obj
                0x0000000010007e54                cyw43_await_background_or_timeout_us
 .text.cyw43_arch_deinit
                0x0000000010007e70       0x40 CMakeFiles/pico_drivers.dir/home/matthew/Dev/PICO/pico-sdk/src/rp2_common/pico_cyw43_arch/cyw43_arch_threadsafe_background.c.obj
                0x0000000010007e70                cyw43_arch_deinit
 .text.cyw43_arch_init
                0x0000000010007eb0       0xec CMakeFiles/pico_drivers.dir/home/matthew/Dev/PICO/pico-sdk/src/rp2_common/pico_cyw43_arch/cyw43_arch_threadsafe_background.c.obj
                0x0000000010007eb0                cyw43_arch_init
 .text.cyw43_post_poll_hook
                0x0000000010007f9c        0xe CMakeFiles/pico_drivers.dir/home/matthew/Dev/PICO/pico-sdk/src/rp2_common/pico_cyw43_arch/cyw43_arch_threadsafe_background.c.obj
                0x0000000010007f9c                cyw43_post_poll_hook
 .text.cyw43_schedule_internal_poll_dispatch
                0x0000000010007faa        0xc CMakeFiles/pico_drivers.dir/home/matthew/Dev/PICO/pico-sdk/src/rp2_common/pico_cyw43_arch/cyw43_arch_threadsafe_background.c.obj
                0x0000000010007faa                cyw43_schedule_internal_poll_dispatch
 *fill*         0x0000000010007fb6        0x2 
 .text.cyw43_thread_enter
                0x0000000010007fb8       0x10 CMakeFiles/pico_drivers.dir/home/matthew/Dev/PICO/pico-sdk/src/rp2_common/pico_cyw43_arch/cyw43_arch_threadsafe_background.c.obj
                0x0000000010007fb8                cyw43_thread_enter
 .text.cyw43_thread_lock_check
                0x0000000010007fc8       0x2c CMakeFiles/pico_drivers.dir/home/matthew/Dev/PICO/pico-sdk/src/rp2_common/pico_cyw43_arch/cyw43_arch_threadsafe_background.c.obj
                0x0000000010007fc8                cyw43_thread_lock_check
 .text.cyw43_thread_exit
                0x0000000010007ff4       0x58 CMakeFiles/pico_drivers.dir/home/matthew/Dev/PICO/pico-sdk/src/rp2_common/pico_cyw43_arch/cyw43_arch_threadsafe_background.c.obj
                0x0000000010007ff4                cyw43_thread_exit
 .text.cyw43_delay_ms
                0x000000001000804c       0x64 CMakeFiles/pico_drivers.dir/home/matthew/Dev/PICO/pico-sdk/src/rp2_common/pico_cyw43_arch/cyw43_arch_threadsafe_background.c.obj
                0x000000001000804c                cyw43_delay_ms
 .text.cyw43_cb_tcpip_deinit
                0x00000000100080b0        0x2 CMakeFiles/pico_drivers.dir/home/matthew/Dev/PICO/pico-sdk/src/rp2_common/pico_cyw43_arch/cyw43_arch_threadsafe_background.c.obj
                0x00000000100080b0                cyw43_cb_tcpip_deinit
 .text.cyw43_cb_tcpip_set_link_up
                0x00000000100080b2        0x6 CMakeFiles/pico_drivers.dir/home/matthew/Dev/PICO/pico-sdk/src/rp2_common/pico_cyw43_arch/cyw43_arch_threadsafe_background.c.obj
                0x00000000100080b2                cyw43_cb_tcpip_set_link_up
 .text.cyw43_cb_tcpip_set_link_down
                0x00000000100080b8        0x6 CMakeFiles/pico_drivers.dir/home/matthew/Dev/PICO/pico-sdk/src/rp2_common/pico_cyw43_arch/cyw43_arch_threadsafe_background.c.obj
                0x00000000100080b8                cyw43_cb_tcpip_set_link_down
 .text.cyw43_cb_process_ethernet
                0x00000000100080be        0x6 CMakeFiles/pico_drivers.dir/home/matthew/Dev/PICO/pico-sdk/src/rp2_common/pico_cyw43_arch/cyw43_arch_threadsafe_background.c.obj
                0x00000000100080be                cyw43_cb_process_ethernet
 .text.cs_set   0x00000000100080c4       0x1c CMakeFiles/pico_drivers.dir/home/matthew/Dev/PICO/pico-sdk/src/rp2_common/cyw43_driver/cyw43_bus_pio_spi.c.obj
 .text.start_spi_comms
                0x00000000100080e0       0x18 CMakeFiles/pico_drivers.dir/home/matthew/Dev/PICO/pico-sdk/src/rp2_common/cyw43_driver/cyw43_bus_pio_spi.c.obj
 .text.ns_delay
                0x00000000100080f8       0x20 CMakeFiles/pico_drivers.dir/home/matthew/Dev/PICO/pico-sdk/src/rp2_common/cyw43_driver/cyw43_bus_pio_spi.c.obj
 .text.stop_spi_comms
                0x0000000010008118       0x10 CMakeFiles/pico_drivers.dir/home/matthew/Dev/PICO/pico-sdk/src/rp2_common/cyw43_driver/cyw43_bus_pio_spi.c.obj
 .text.cyw43_spi_deinit
                0x0000000010008128       0x60 CMakeFiles/pico_drivers.dir/home/matthew/Dev/PICO/pico-sdk/src/rp2_common/cyw43_driver/cyw43_bus_pio_spi.c.obj
                0x0000000010008128                cyw43_spi_deinit
 .text.cyw43_spi_init
                0x0000000010008188      0x1f8 CMakeFiles/pico_drivers.dir/home/matthew/Dev/PICO/pico-sdk/src/rp2_common/cyw43_driver/cyw43_bus_pio_spi.c.obj
                0x0000000010008188                cyw43_spi_init
 .text.cyw43_spi_transfer
                0x0000000010008380      0x660 CMakeFiles/pico_drivers.dir/home/matthew/Dev/PICO/pico-sdk/src/rp2_common/cyw43_driver/cyw43_bus_pio_spi.c.obj
                0x0000000010008380                cyw43_spi_transfer
 .text.cyw43_spi_gpio_setup
                0x00000000100089e0       0x3a CMakeFiles/pico_drivers.dir/home/matthew/Dev/PICO/pico-sdk/src/rp2_common/cyw43_driver/cyw43_bus_pio_spi.c.obj
                0x00000000100089e0                cyw43_spi_gpio_setup
 .text.cyw43_spi_reset
                0x0000000010008a1a       0x28 CMakeFiles/pico_drivers.dir/home/matthew/Dev/PICO/pico-sdk/src/rp2_common/cyw43_driver/cyw43_bus_pio_spi.c.obj
                0x0000000010008a1a                cyw43_spi_reset
 *fill*         0x0000000010008a42        0x2 
 .text.read_reg_u32_swap
                0x0000000010008a44       0x6c CMakeFiles/pico_drivers.dir/home/matthew/Dev/PICO/pico-sdk/src/rp2_common/cyw43_driver/cyw43_bus_pio_spi.c.obj
                0x0000000010008a44                read_reg_u32_swap
 .text.cyw43_read_reg_u32
                0x0000000010008ab0       0x50 CMakeFiles/pico_drivers.dir/home/matthew/Dev/PICO/pico-sdk/src/rp2_common/cyw43_driver/cyw43_bus_pio_spi.c.obj
                0x0000000010008ab0                cyw43_read_reg_u32
 .text.cyw43_read_reg_u16
                0x0000000010008b00       0x50 CMakeFiles/pico_drivers.dir/home/matthew/Dev/PICO/pico-sdk/src/rp2_common/cyw43_driver/cyw43_bus_pio_spi.c.obj
                0x0000000010008b00                cyw43_read_reg_u16
 .text.cyw43_read_reg_u8
                0x0000000010008b50       0x50 CMakeFiles/pico_drivers.dir/home/matthew/Dev/PICO/pico-sdk/src/rp2_common/cyw43_driver/cyw43_bus_pio_spi.c.obj
                0x0000000010008b50                cyw43_read_reg_u8
 .text.write_reg_u32_swap
                0x0000000010008ba0       0x38 CMakeFiles/pico_drivers.dir/home/matthew/Dev/PICO/pico-sdk/src/rp2_common/cyw43_driver/cyw43_bus_pio_spi.c.obj
                0x0000000010008ba0                write_reg_u32_swap
 .text.cyw43_write_reg_u32
                0x0000000010008bd8       0x58 CMakeFiles/pico_drivers.dir/home/matthew/Dev/PICO/pico-sdk/src/rp2_common/cyw43_driver/cyw43_bus_pio_spi.c.obj
                0x0000000010008bd8                cyw43_write_reg_u32
 .text.cyw43_write_reg_u16
                0x0000000010008c30       0x58 CMakeFiles/pico_drivers.dir/home/matthew/Dev/PICO/pico-sdk/src/rp2_common/cyw43_driver/cyw43_bus_pio_spi.c.obj
                0x0000000010008c30                cyw43_write_reg_u16
 .text.cyw43_write_reg_u8
                0x0000000010008c88       0x58 CMakeFiles/pico_drivers.dir/home/matthew/Dev/PICO/pico-sdk/src/rp2_common/cyw43_driver/cyw43_bus_pio_spi.c.obj
                0x0000000010008c88                cyw43_write_reg_u8
 .text.cyw43_read_bytes
                0x0000000010008ce0       0xd0 CMakeFiles/pico_drivers.dir/home/matthew/Dev/PICO/pico-sdk/src/rp2_common/cyw43_driver/cyw43_bus_pio_spi.c.obj
                0x0000000010008ce0                cyw43_read_bytes
 .text.cyw43_write_bytes
                0x0000000010008db0      0x134 CMakeFiles/pico_drivers.dir/home/matthew/Dev/PICO/pico-sdk/src/rp2_common/cyw43_driver/cyw43_bus_pio_spi.c.obj
                0x0000000010008db0                cyw43_write_bytes
 .text.get_core_address
                0x0000000010008ee4       0x1c CMakeFiles/pico_drivers.dir/home/matthew/Dev/PICO/pico-sdk/lib/cyw43-driver/src/cyw43_ll.c.obj
 .text.sdpcm_process_rx_packet
                0x0000000010008f00      0x180 CMakeFiles/pico_drivers.dir/home/matthew/Dev/PICO/pico-sdk/lib/cyw43-driver/src/cyw43_ll.c.obj
 .text.cyw43_ll_wifi_parse_scan_result
                0x0000000010009080       0x9c CMakeFiles/pico_drivers.dir/home/matthew/Dev/PICO/pico-sdk/lib/cyw43-driver/src/cyw43_ll.c.obj
 .text.cyw43_ll_parse_async_event
                0x000000001000911c       0x90 CMakeFiles/pico_drivers.dir/home/matthew/Dev/PICO/pico-sdk/lib/cyw43-driver/src/cyw43_ll.c.obj
 .text.cyw43_read_reg
                0x00000000100091ac       0x48 CMakeFiles/pico_drivers.dir/home/matthew/Dev/PICO/pico-sdk/lib/cyw43-driver/src/cyw43_ll.c.obj
 .text.cyw43_kso_set
                0x00000000100091f4       0x94 CMakeFiles/pico_drivers.dir/home/matthew/Dev/PICO/pico-sdk/lib/cyw43-driver/src/cyw43_ll.c.obj
 .text.cyw43_ll_bus_sleep_helper
                0x0000000010009288        0xe CMakeFiles/pico_drivers.dir/home/matthew/Dev/PICO/pico-sdk/lib/cyw43-driver/src/cyw43_ll.c.obj
 *fill*         0x0000000010009296        0x2 
 .text.cyw43_write_reg
                0x0000000010009298       0x4c CMakeFiles/pico_drivers.dir/home/matthew/Dev/PICO/pico-sdk/lib/cyw43-driver/src/cyw43_ll.c.obj
 .text.cyw43_set_backplane_window
                0x00000000100092e4       0x74 CMakeFiles/pico_drivers.dir/home/matthew/Dev/PICO/pico-sdk/lib/cyw43-driver/src/cyw43_ll.c.obj
 .text.cyw43_read_backplane
                0x0000000010009358       0x36 CMakeFiles/pico_drivers.dir/home/matthew/Dev/PICO/pico-sdk/lib/cyw43-driver/src/cyw43_ll.c.obj
 *fill*         0x000000001000938e        0x2 
 .text.disable_device_core
                0x0000000010009390       0x3c CMakeFiles/pico_drivers.dir/home/matthew/Dev/PICO/pico-sdk/lib/cyw43-driver/src/cyw43_ll.c.obj
 .text.device_core_is_up
                0x00000000100093cc       0x48 CMakeFiles/pico_drivers.dir/home/matthew/Dev/PICO/pico-sdk/lib/cyw43-driver/src/cyw43_ll.c.obj
 .text.cyw43_write_backplane
                0x0000000010009414       0x3a CMakeFiles/pico_drivers.dir/home/matthew/Dev/PICO/pico-sdk/lib/cyw43-driver/src/cyw43_ll.c.obj
 .text.reset_device_core
                0x000000001000944e       0x74 CMakeFiles/pico_drivers.dir/home/matthew/Dev/PICO/pico-sdk/lib/cyw43-driver/src/cyw43_ll.c.obj
 *fill*         0x00000000100094c2        0x2 
 .text.cyw43_download_resource
                0x00000000100094c4      0x190 CMakeFiles/pico_drivers.dir/home/matthew/Dev/PICO/pico-sdk/lib/cyw43-driver/src/cyw43_ll.c.obj
 .text.cyw43_ll_init
                0x0000000010009654       0x1e CMakeFiles/pico_drivers.dir/home/matthew/Dev/PICO/pico-sdk/lib/cyw43-driver/src/cyw43_ll.c.obj
                0x0000000010009654                cyw43_ll_init
 .text.cyw43_ll_bus_sleep
                0x0000000010009672       0x34 CMakeFiles/pico_drivers.dir/home/matthew/Dev/PICO/pico-sdk/lib/cyw43-driver/src/cyw43_ll.c.obj
                0x0000000010009672                cyw43_ll_bus_sleep
 *fill*         0x00000000100096a6        0x2 
 .text.cyw43_ll_sdpcm_poll_device
                0x00000000100096a8      0x15c CMakeFiles/pico_drivers.dir/home/matthew/Dev/PICO/pico-sdk/lib/cyw43-driver/src/cyw43_ll.c.obj
 .text.cyw43_ll_process_packets
                0x0000000010009804       0x58 CMakeFiles/pico_drivers.dir/home/matthew/Dev/PICO/pico-sdk/lib/cyw43-driver/src/cyw43_ll.c.obj
                0x0000000010009804                cyw43_ll_process_packets
 .text.cyw43_sdpcm_send_common
                0x000000001000985c      0x16c CMakeFiles/pico_drivers.dir/home/matthew/Dev/PICO/pico-sdk/lib/cyw43-driver/src/cyw43_ll.c.obj
 .text.cyw43_send_ioctl
                0x00000000100099c8       0x56 CMakeFiles/pico_drivers.dir/home/matthew/Dev/PICO/pico-sdk/lib/cyw43-driver/src/cyw43_ll.c.obj
 *fill*         0x0000000010009a1e        0x2 
 .text.cyw43_do_ioctl
                0x0000000010009a20       0xb4 CMakeFiles/pico_drivers.dir/home/matthew/Dev/PICO/pico-sdk/lib/cyw43-driver/src/cyw43_ll.c.obj
 .text.cyw43_ll_ioctl
                0x0000000010009ad4       0x24 CMakeFiles/pico_drivers.dir/home/matthew/Dev/PICO/pico-sdk/lib/cyw43-driver/src/cyw43_ll.c.obj
                0x0000000010009ad4                cyw43_ll_ioctl
 .text.cyw43_clm_load
                0x0000000010009af8       0xdc CMakeFiles/pico_drivers.dir/home/matthew/Dev/PICO/pico-sdk/lib/cyw43-driver/src/cyw43_ll.c.obj
 .text.cyw43_write_iovar_u32
                0x0000000010009bd4       0x54 CMakeFiles/pico_drivers.dir/home/matthew/Dev/PICO/pico-sdk/lib/cyw43-driver/src/cyw43_ll.c.obj
 .text.cyw43_write_iovar_n
                0x0000000010009c28       0x44 CMakeFiles/pico_drivers.dir/home/matthew/Dev/PICO/pico-sdk/lib/cyw43-driver/src/cyw43_ll.c.obj
 .text.cyw43_do_ioctl_u32
                0x0000000010009c6c       0x2e CMakeFiles/pico_drivers.dir/home/matthew/Dev/PICO/pico-sdk/lib/cyw43-driver/src/cyw43_ll.c.obj
 .text.cyw43_write_iovar_u32_u32
                0x0000000010009c9a       0x70 CMakeFiles/pico_drivers.dir/home/matthew/Dev/PICO/pico-sdk/lib/cyw43-driver/src/cyw43_ll.c.obj
 *fill*         0x0000000010009d0a        0x2 
 .text.cyw43_ll_wifi_get_mac
                0x0000000010009d0c       0x48 CMakeFiles/pico_drivers.dir/home/matthew/Dev/PICO/pico-sdk/lib/cyw43-driver/src/cyw43_ll.c.obj
                0x0000000010009d0c                cyw43_ll_wifi_get_mac
 .text.cyw43_ll_bus_init
                0x0000000010009d54      0x380 CMakeFiles/pico_drivers.dir/home/matthew/Dev/PICO/pico-sdk/lib/cyw43-driver/src/cyw43_ll.c.obj
                0x0000000010009d54                cyw43_ll_bus_init
 .text.cyw43_ll_wifi_set_wpa_auth
                0x000000001000a0d4       0x16 CMakeFiles/pico_drivers.dir/home/matthew/Dev/PICO/pico-sdk/lib/cyw43-driver/src/cyw43_ll.c.obj
                0x000000001000a0d4                cyw43_ll_wifi_set_wpa_auth
 *fill*         0x000000001000a0ea        0x2 
 .text.cyw43_ll_wifi_rejoin
                0x000000001000a0ec       0x20 CMakeFiles/pico_drivers.dir/home/matthew/Dev/PICO/pico-sdk/lib/cyw43-driver/src/cyw43_ll.c.obj
                0x000000001000a0ec                cyw43_ll_wifi_rejoin
 .text.cyw43_ll_gpio_set
                0x000000001000a10c       0x30 CMakeFiles/pico_drivers.dir/home/matthew/Dev/PICO/pico-sdk/lib/cyw43-driver/src/cyw43_ll.c.obj
                0x000000001000a10c                cyw43_ll_gpio_set
 .text.cyw43_ll_has_work
                0x000000001000a13c       0x12 CMakeFiles/pico_drivers.dir/home/matthew/Dev/PICO/pico-sdk/lib/cyw43-driver/src/cyw43_ll.c.obj
                0x000000001000a13c                cyw43_ll_has_work
 *fill*         0x000000001000a14e        0x2 
 .text.cyw43_poll_func
                0x000000001000a150       0xac CMakeFiles/pico_drivers.dir/home/matthew/Dev/PICO/pico-sdk/lib/cyw43-driver/src/cyw43_ctrl.c.obj
 .text.cyw43_dump_async_event
                0x000000001000a1fc       0x8c CMakeFiles/pico_drivers.dir/home/matthew/Dev/PICO/pico-sdk/lib/cyw43-driver/src/cyw43_ctrl.c.obj
 .text.cyw43_ensure_up
                0x000000001000a288       0xec CMakeFiles/pico_drivers.dir/home/matthew/Dev/PICO/pico-sdk/lib/cyw43-driver/src/cyw43_ctrl.c.obj
 .text.cyw43_init
                0x000000001000a374       0x8c CMakeFiles/pico_drivers.dir/home/matthew/Dev/PICO/pico-sdk/lib/cyw43-driver/src/cyw43_ctrl.c.obj
                0x000000001000a374                cyw43_init
 .text.cyw43_cb_read_host_interrupt_pin
                0x000000001000a400        0xe CMakeFiles/pico_drivers.dir/home/matthew/Dev/PICO/pico-sdk/lib/cyw43-driver/src/cyw43_ctrl.c.obj
                0x000000001000a400                cyw43_cb_read_host_interrupt_pin
 *fill*         0x000000001000a40e        0x2 
 .text.cyw43_cb_ensure_awake
                0x000000001000a410        0xc CMakeFiles/pico_drivers.dir/home/matthew/Dev/PICO/pico-sdk/lib/cyw43-driver/src/cyw43_ctrl.c.obj
                0x000000001000a410                cyw43_cb_ensure_awake
 .text.cyw43_cb_process_async_event
                0x000000001000a41c      0x1d0 CMakeFiles/pico_drivers.dir/home/matthew/Dev/PICO/pico-sdk/lib/cyw43-driver/src/cyw43_ctrl.c.obj
                0x000000001000a41c                cyw43_cb_process_async_event
 .text.cyw43_gpio_set
                0x000000001000a5ec       0x30 CMakeFiles/pico_drivers.dir/home/matthew/Dev/PICO/pico-sdk/lib/cyw43-driver/src/cyw43_ctrl.c.obj
                0x000000001000a5ec                cyw43_gpio_set
 .text._pio_can_add_program_at_offset
                0x000000001000a61c       0x3c CMakeFiles/pico_drivers.dir/home/matthew/Dev/PICO/pico-sdk/src/rp2_common/hardware_pio/pio.c.obj
 .text._pio_find_offset_for_program
                0x000000001000a658       0x80 CMakeFiles/pico_drivers.dir/home/matthew/Dev/PICO/pico-sdk/src/rp2_common/hardware_pio/pio.c.obj
 .text._pio_add_program_at_offset
                0x000000001000a6d8       0x78 CMakeFiles/pico_drivers.dir/home/matthew/Dev/PICO/pico-sdk/src/rp2_common/hardware_pio/pio.c.obj
 .text.pio_sm_unclaim
                0x000000001000a750       0x20 CMakeFiles/pico_drivers.dir/home/matthew/Dev/PICO/pico-sdk/src/rp2_common/hardware_pio/pio.c.obj
                0x000000001000a750                pio_sm_unclaim
 .text.pio_claim_unused_sm
                0x000000001000a770       0x3c CMakeFiles/pico_drivers.dir/home/matthew/Dev/PICO/pico-sdk/src/rp2_common/hardware_pio/pio.c.obj
                0x000000001000a770                pio_claim_unused_sm
 .text.pio_can_add_program
                0x000000001000a7ac       0x26 CMakeFiles/pico_drivers.dir/home/matthew/Dev/PICO/pico-sdk/src/rp2_common/hardware_pio/pio.c.obj
                0x000000001000a7ac                pio_can_add_program
 *fill*         0x000000001000a7d2        0x2 
 .text.pio_add_program
                0x000000001000a7d4       0x38 CMakeFiles/pico_drivers.dir/home/matthew/Dev/PICO/pico-sdk/src/rp2_common/hardware_pio/pio.c.obj
                0x000000001000a7d4                pio_add_program
 .text.pio_remove_program
                0x000000001000a80c       0x58 CMakeFiles/pico_drivers.dir/home/matthew/Dev/PICO/pico-sdk/src/rp2_common/hardware_pio/pio.c.obj
                0x000000001000a80c                pio_remove_program
 .text.pio_sm_set_pindirs_with_mask
                0x000000001000a864       0x6c CMakeFiles/pico_drivers.dir/home/matthew/Dev/PICO/pico-sdk/src/rp2_common/hardware_pio/pio.c.obj
                0x000000001000a864                pio_sm_set_pindirs_with_mask
 .text.pio_sm_set_consecutive_pindirs
                0x000000001000a8d0       0x70 CMakeFiles/pico_drivers.dir/home/matthew/Dev/PICO/pico-sdk/src/rp2_common/hardware_pio/pio.c.obj
                0x000000001000a8d0                pio_sm_set_consecutive_pindirs
 .text.dma_channel_unclaim
                0x000000001000a940       0x10 CMakeFiles/pico_drivers.dir/home/matthew/Dev/PICO/pico-sdk/src/rp2_common/hardware_dma/dma.c.obj
                0x000000001000a940                dma_channel_unclaim
 .text.dma_claim_unused_channel
                0x000000001000a950       0x20 CMakeFiles/pico_drivers.dir/home/matthew/Dev/PICO/pico-sdk/src/rp2_common/hardware_dma/dma.c.obj
                0x000000001000a950                dma_claim_unused_channel
 .text.i2c_write_blocking_internal
                0x000000001000a970      0x138 CMakeFiles/pico_drivers.dir/home/matthew/Dev/PICO/pico-sdk/src/rp2_common/hardware_i2c/i2c.c.obj
 .text.i2c_read_blocking_internal
                0x000000001000aaa8       0xd4 CMakeFiles/pico_drivers.dir/home/matthew/Dev/PICO/pico-sdk/src/rp2_common/hardware_i2c/i2c.c.obj
 .text.i2c_set_baudrate
                0x000000001000ab7c       0xf0 CMakeFiles/pico_drivers.dir/home/matthew/Dev/PICO/pico-sdk/src/rp2_common/hardware_i2c/i2c.c.obj
                0x000000001000ab7c                i2c_set_baudrate
 .text.i2c_init
                0x000000001000ac6c       0x58 CMakeFiles/pico_drivers.dir/home/matthew/Dev/PICO/pico-sdk/src/rp2_common/hardware_i2c/i2c.c.obj
                0x000000001000ac6c                i2c_init
 .text.i2c_write_blocking
                0x000000001000acc4       0x18 CMakeFiles/pico_drivers.dir/home/matthew/Dev/PICO/pico-sdk/src/rp2_common/hardware_i2c/i2c.c.obj
                0x000000001000acc4                i2c_write_blocking
 .text.i2c_read_blocking